<html>
<body>
<pre>
<h1>礦ision Build Log</h1>
<h2>Project:</h2>
D:\biancheng\program\PID\USER\MPU6050.uvproj
Project File Date:  04/05/2018

<h2>Output:</h2>
Rebuild target 'MPU6050'
compiling main.c...
main.c(15): warning:  #177-D: variable "t" was declared but never referenced
        u8 t;
main.c(16): warning:  #177-D: variable "len" was declared but never referenced
        u8 len; 
main.c(17): warning:  #177-D: variable "times" was declared but never referenced
        u16 times=0;  
main.c: 3 warnings, 0 errors
compiling stm32f4xx_it.c...
compiling system_stm32f4xx.c...
compiling delay.c...
compiling sys.c...
compiling usart.c...
assembling startup_stm32f40_41xxx.s...
compiling misc.c...
compiling stm32f4xx_gpio.c...
compiling stm32f4xx_rcc.c...
compiling stm32f4xx_syscfg.c...
compiling stm32f4xx_usart.c...
linking...
Program Size: Code=5716 RO-data=424 RW-data=48 ZI-data=1832  
FromELF: creating hex file...
"..\OBJ\MPU6050.axf" - 0 Error(s), 3 Warning(s).
Load "..\\OBJ\\MPU6050.axf" 
Set JLink Project File to "D:\biancheng\program\PID\USER\JLinkSettings.ini"
* JLink Info: Device "STM32F407VE" selected (512 KB flash, 128 KB RAM).
 
JLink info:
------------
DLL: V4.80g, compiled Feb 13 2014 20:50:02
Firmware: J-Link ARM V8 compiled Nov 28 2014 13:44:46
Hardware: V8.00
S/N : 305428752 
Feature(s) : RDI,FlashDL,FlashBP,JFlash,GDB 
 
* JLink Info: Found SWD-DP with ID 0x2BA01477
* JLink Info: Found SWD-DP with ID 0x2BA01477
* JLink Info: Found Cortex-M4 r0p1, Little endian.
* JLink Info: FPUnit: 6 code (BP) slots and 2 literal slots
* JLink Info: TPIU fitted.
* JLink Info: ETM fitted.
ROMTableAddr = 0xE00FF003
 
Target info:
------------
Device: STM32F407VE
VTarget = 3.319V
State of Pins: 
TCK: 1, TDI: 1, TDO: 1, TMS: 1, TRES: 1, TRST: 1
Hardware-Breakpoints: 6
Software-Breakpoints: 8192
Watchpoints:          4
JTAG speed: 4000 kHz
 
Erase Done.
Programming Done.
Verify OK.
Application running ...
h, 128 KB RAM).
 
JLink info:
------------
DLL: V4.80g, compiled Feb 13 2014 20:50:02
Firmware: J-Link ARM V8 compiled Nov 28 2014 13:44:46
Hardware: V8.00
S/N : 305428752 
Feature(s) : RDI,FlashDL,FlashBP,JFlash,GDB 
 
* JLink Info: Found SWD-DP with ID 0x2BA01477
* JLink Info: Found SWD-DP with ID 0x2BA01477
* JLink Info: Found Cortex-M4 r0p1, Little endian.
* JLink Info: FPUnit: 6 code (BP) slots and 2 literal slots
* JLink Info: TPIU fitted.
* JLink Info: ETM fitted.
ROMTableAddr = 0xE00FF003
 
Target info:
------------
Device: STM32F407VE
VTarget = 3.300V
State of Pins: 
TCK: 1, TDI: 1, TDO: 1, TMS: 1, TRES: 1, TRST: 1
Hardware-Breakpoints: 6
Software-Breakpoints: 8192
Watchpoints:          4
JTAG speed: 4000 kHz
 
Erase Done.
Programming Done.
Verify OK.
Application running ...
ble "t" was declared but never referenced
        u8 t;
main.c(16): warning:  #177-D: variable "len" was declared but never referenced
        u8 len; 
main.c(17): warning:  #177-D: variable "times" was declared but never referenced
        u16 times=0;  
main.c: 9 warnings, 0 errors
compiling stm32f4xx_it.c...
compiling system_stm32f4xx.c...
compiling delay.c...
compiling sys.c...
compiling usart.c...
compiling misc.c...
compiling stm32f4xx_gpio.c...
compiling stm32f4xx_rcc.c...
compiling stm32f4xx_syscfg.c...
compiling stm32f4xx_usart.c...
linking...
Program Size: Code=2936 RO-data=424 RW-data=28 ZI-data=1836  
compiling main.c...
main.c(12): warning:  #177-D: variable "pitch" was declared but never referenced
        float pitch,roll,yaw;           //欧拉角
main.c(12): warning:  #177-D: variable "roll" was declared but never referenced
        float pitch,roll,yaw;           //欧拉角
main.c(12): warning:  #177-D: variable "yaw" was declared but never referenced
        float pitch,roll,yaw;           //欧拉角
main.c(13): warning:  #177-D: variable "aacx" was declared but never referenced
        short aacx,aacy,aacz;           //加速度传感器原始数据
main.c(13): warning:  #177-D: variable "aacy" was declared but never referenced
        short aacx,aacy,aacz;           //加速度传感器原始数据
main.c(13): warning:  #177-D: variable "aacz" was declared but never referenced
        short aacx,aacy,aacz;           //加速度传感器原始数据
main.c(15): warning:  #177-D: variable "t" was declared but never referenced
        u8 t;
main.c(16): warning:  #177-D: variable "len" was declared but never referenced
        u8 len; 
main.c(17): warning:  #177-D: variable "times" was declared but never referenced
        u16 times=0;  
main.c: 9 warnings, 0 errors
compiling stm32f4xx_it.c...
compiling system_stm32f4xx.c...
compiling delay.c...
compiling sys.c...
compiling usart.c...
compiling misc.c...
compiling stm32f4xx_gpio.c...
compiling stm32f4xx_rcc.c...
compiling stm32f4xx_syscfg.c...
compiling stm32f4xx_usart.c...
linking...
Program Size: Code=2936 RO-data=424 RW-data=28 ZI-data=1836  
FromELF: creating hex file...
"..\OBJ\MPU6050.axf" - 0 Error(s), 9 Warning(s).
*** Completed Cross-Module-Optimization after 3 iteration(s).
Load "..\\OBJ\\MPU6050.axf" 
Set JLink Project File to "D:\biancheng\program\PID\USER\JLinkSettings.ini"
* JLink Info: Device "STM32F407VE" selected (512 KB flash, 128 KB RAM).
 
JLink info:
------------
DLL: V4.80g, compiled Feb 13 2014 20:50:02
Firmware: J-Link ARM V8 compiled Nov 28 2014 13:44:46
Hardware: V8.00
S/N : 305428752 
Feature(s) : RDI,FlashDL,FlashBP,JFlash,GDB 
 
* JLink Info: Found SWD-DP with ID 0x2BA01477
* JLink Info: Found SWD-DP with ID 0x2BA01477
* JLink Info: Found Cortex-M4 r0p1, Little endian.
* JLink Info: FPUnit: 6 code (BP) slots and 2 literal slots
* JLink Info: TPIU fitted.
* JLink Info: ETM fitted.
ROMTableAddr = 0xE00FF003
 
Target info:
------------
Device: STM32F407VE
VTarget = 3.300V
State of Pins: 
TCK: 1, TDI: 1, TDO: 1, TMS: 1, TRES: 1, TRST: 1
Hardware-Breakpoints: 6
Software-Breakpoints: 8192
Watchpoints:          4
JTAG speed: 4000 kHz
 
Erase Done.
Programming Done.
Verify OK.
Application running ...
points:          4
JTAG speed: 4000 kHz
 
Erase Done.
Programming Done.
Verify OK.
Application running ...
