<html>
<body>
<pre>
<h1>µVision Build Log</h1>
<h2>Project:</h2>
D:\biancheng\program\PID\USER\USART.uvproj
Project File Date:  04/05/2018

<h2>Output:</h2>
Build target 'USART'
compiling stm32f4xx_tim.c...
..\USER\stm32f4xx.h(89): warning:  #47-D: incompatible redefinition of macro "STM32F40_41xxx"
    #define STM32F40_41xxx
..\FWLIB\src\stm32f4xx_tim.c: 1 warning, 0 errors
linking...
Program Size: Code=9846 RO-data=442 RW-data=48 ZI-data=1832  
FromELF: creating hex file...
"..\OBJ\USART.axf" - 0 Error(s), 1 Warning(s).
Load "..\\OBJ\\USART.axf" 
Set JLink Project File to "D:\biancheng\program\PID\USER\JLinkSettings.ini"
* JLink Info: Device "STM32F407VE" selected (512 KB flash, 128 KB RAM).
 
JLink info:
------------
DLL: V4.80g, compiled Feb 13 2014 20:50:02
Firmware: J-Link ARM V8 compiled Nov 28 2014 13:44:46
Hardware: V8.00
S/N : 305428752 
Feature(s) : RDI,FlashDL,FlashBP,JFlash,GDB 
 
* JLink Info: Found SWD-DP with ID 0x2BA01477
* JLink Info: Found SWD-DP with ID 0x2BA01477
* JLink Info: Found Cortex-M4 r0p1, Little endian.
* JLink Info: FPUnit: 6 code (BP) slots and 2 literal slots
* JLink Info: TPIU fitted.
* JLink Info: ETM fitted.
ROMTableAddr = 0xE00FF003
 
Target info:
------------
Device: STM32F407VE
VTarget = 3.306V
State of Pins: 
TCK: 1, TDI: 1, TDO: 1, TMS: 1, TRES: 1, TRST: 1
Hardware-Breakpoints: 6
Software-Breakpoints: 8192
Watchpoints:          4
JTAG speed: 4000 kHz
 
Erase Done.
Programming Done.
Verify OK.
Application running ...
TIM_OC4Init (referred from motor.o).
..\OBJ\USART.axf: Error: L6218E: Undefined symbol TIM_OC4PreloadConfig (referred from motor.o).
..\OBJ\USART.axf: Error: L6218E: Undefined symbol TIM_SetCompare1 (referred from motor.o).
..\OBJ\USART.axf: Error: L6218E: Undefined symbol TIM_SetCompare2 (referred from motor.o).
..\OBJ\USART.axf: Error: L6218E: Undefined symbol TIM_SetCompare3 (referred from motor.o).
..\OBJ\USART.axf: Error: L6218E: Undefined symbol TIM_SetCompare4 (referred from motor.o).
..\OBJ\USART.axf: Error: L6218E: Undefined symbol TIM_TimeBaseInit (referred from motor.o).
..\OBJ\USART.axf: Error: L6218E: Undefined symbol TIM_TimeBaseStructInit (referred from motor.o).
Not enough information to list image symbols.
Finished: 1 information, 0 warning and 22 error messages.
"..\OBJ\USART.axf" - 22 Error(s), 0 Warning(s).
Target not created
 0 errors
compiling usart.c...
..\USER\stm32f4xx.h(89): warning:  #47-D: incompatible redefinition of macro "STM32F40_41xxx"
    #define STM32F40_41xxx
..\SYSTEM\usart\usart.c: 1 warning, 0 errors
compiling misc.c...
..\USER\stm32f4xx.h(89): warning:  #47-D: incompatible redefinition of macro "STM32F40_41xxx"
    #define STM32F40_41xxx
..\FWLIB\src\misc.c: 1 warning, 0 errors
compiling stm32f4xx_gpio.c...
..\USER\stm32f4xx.h(89): warning:  #47-D: incompatible redefinition of macro "STM32F40_41xxx"
    #define STM32F40_41xxx
..\FWLIB\src\stm32f4xx_gpio.c: 1 warning, 0 errors
compiling stm32f4xx_rcc.c...
..\USER\stm32f4xx.h(89): warning:  #47-D: incompatible redefinition of macro "STM32F40_41xxx"
    #define STM32F40_41xxx
..\FWLIB\src\stm32f4xx_rcc.c: 1 warning, 0 errors
compiling stm32f4xx_syscfg.c...
..\USER\stm32f4xx.h(89): warning:  #47-D: incompatible redefinition of macro "STM32F40_41xxx"
    #define STM32F40_41xxx
..\FWLIB\src\stm32f4xx_syscfg.c: 1 warning, 0 errors
compiling stm32f4xx_usart.c...
..\USER\stm32f4xx.h(89): warning:  #47-D: incompatible redefinition of macro "STM32F40_41xxx"
    #define STM32F40_41xxx
..\FWLIB\src\stm32f4xx_usart.c: 1 warning, 0 errors
linking...
..\OBJ\USART.axf: Error: L6218E: Undefined symbol TIM_ARRPreloadConfig (referred from motor.o).
..\OBJ\USART.axf: Error: L6218E: Undefined symbol TIM_ClearFlag (referred from motor.o).
..\OBJ\USART.axf: Error: L6218E: Undefined symbol TIM_Cmd (referred from motor.o).
..\OBJ\USART.axf: Error: L6218E: Undefined symbol TIM_DeInit (referred from motor.o).
..\OBJ\USART.axf: Error: L6218E: Undefined symbol TIM_EncoderInterfaceConfig (referred from motor.o).
..\OBJ\USART.axf: Error: L6218E: Undefined symbol TIM_ICInit (referred from motor.o).
..\OBJ\USART.axf: Error: L6218E: Undefined symbol TIM_ICStructInit (referred from motor.o).
..\OBJ\USART.axf: Error: L6218E: Undefined symbol TIM_ITConfig (referred from motor.o).
..\OBJ\USART.axf: Error: L6218E: Undefined symbol TIM_OC1Init (referred from motor.o).
..\OBJ\USART.axf: Error: L6218E: Undefined symbol TIM_OC1PreloadConfig (referred from motor.o).
..\OBJ\USART.axf: Error: L6218E: Undefined symbol TIM_OC2Init (referred from motor.o).
..\OBJ\USART.axf: Error: L6218E: Undefined symbol TIM_OC2PreloadConfig (referred from motor.o).
..\OBJ\USART.axf: Error: L6218E: Undefined symbol TIM_OC3Init (referred from motor.o).
..\OBJ\USART.axf: Error: L6218E: Undefined symbol TIM_OC3PreloadConfig (referred from motor.o).
..\OBJ\USART.axf: Error: L6218E: Undefined symbol TIM_OC4Init (referred from motor.o).
..\OBJ\USART.axf: Error: L6218E: Undefined symbol TIM_OC4PreloadConfig (referred from motor.o).
..\OBJ\USART.axf: Error: L6218E: Undefined symbol TIM_SetCompare1 (referred from motor.o).
..\OBJ\USART.axf: Error: L6218E: Undefined symbol TIM_SetCompare2 (referred from motor.o).
..\OBJ\USART.axf: Error: L6218E: Undefined symbol TIM_SetCompare3 (referred from motor.o).
..\OBJ\USART.axf: Error: L6218E: Undefined symbol TIM_SetCompare4 (referred from motor.o).
..\OBJ\USART.axf: Error: L6218E: Undefined symbol TIM_TimeBaseInit (referred from motor.o).
..\OBJ\USART.axf: Error: L6218E: Undefined symbol TIM_TimeBaseStructInit (referred from motor.o).
Not enough information to list image symbols.
Finished: 1 information, 0 warning and 22 error messages.
"..\OBJ\USART.axf" - 22 Error(s), 19 Warning(s).
Target not created
Load "..\\OBJ\\USART.axf" 
_____^
*** error 56: cannot open file
Error: Flash Download failed  -  Could not load file '..\OBJ\USART.axf'
