Product: MDK-ARM Professional 5.10
Component: ARM Compiler 5.04 update 1 (build 49)
Tool: armlink [5040049]

==============================================================================

Section Cross References

    main.o(.text) refers to _printf_percent.o(.ARM.Collect$$_printf_percent$$00000000) for _printf_percent
    main.o(.text) refers to _printf_d.o(.ARM.Collect$$_printf_percent$$00000009) for _printf_d
    main.o(.text) refers to _printf_dec.o(.text) for _printf_int_dec
    main.o(.text) refers to misc.o(.text) for NVIC_PriorityGroupConfig
    main.o(.text) refers to systick.o(.text) for SysTick_Init
    main.o(.text) refers to delay.o(.text) for delay_init
    main.o(.text) refers to usart.o(.text) for uart_init
    main.o(.text) refers to mpu6050.o(.text) for MPU_Init
    main.o(.text) refers to motor.o(.text) for motor_init
    main.o(.text) refers to inv_mpu.o(.text) for mpu_dmp_init
    main.o(.text) refers to noretval__2printf.o(.text) for __2printf
    main.o(.text) refers to contro.o(.data) for g_s16RightMotorPulse
    stm32f4xx_it.o(.text) refers to contro.o(.text) for GetMotorPulse
    stm32f4xx_it.o(.text) refers to contro.o(.data) for g_u8MainEventCount
    system_stm32f4xx.o(.text) refers to system_stm32f4xx.o(.data) for SystemCoreClock
    contro.o(.text) refers to stm32f4xx_tim.o(.text) for TIM_GetCounter
    contro.o(.text) refers to contro.o(.data) for g_s16LeftMotorPulse
    inv_mpu.o(.text) refers to _printf_pad.o(.text) for _printf_pre_padding
    inv_mpu.o(.text) refers to _printf_percent.o(.ARM.Collect$$_printf_percent$$00000000) for _printf_percent
    inv_mpu.o(.text) refers to _printf_x.o(.ARM.Collect$$_printf_percent$$0000000C) for _printf_x
    inv_mpu.o(.text) refers to _printf_hex_int.o(.text) for _printf_longlong_hex
    inv_mpu.o(.text) refers to _printf_d.o(.ARM.Collect$$_printf_percent$$00000009) for _printf_d
    inv_mpu.o(.text) refers to _printf_dec.o(.text) for _printf_int_dec
    inv_mpu.o(.text) refers to mpu6050.o(.text) for MPU_Write_Len
    inv_mpu.o(.text) refers to noretval__2printf.o(.text) for __2printf
    inv_mpu.o(.text) refers to delay.o(.text) for delay_ms
    inv_mpu.o(.text) refers to inv_mpu.o(.data) for st
    inv_mpu.o(.text) refers to inv_mpu.o(.conststring) for .conststring
    inv_mpu.o(.text) refers to inv_mpu.o(.constdata) for test
    inv_mpu.o(.text) refers to llsdiv.o(.text) for __aeabi_ldivmod
    inv_mpu.o(.text) refers to memcmp.o(.text) for memcmp
    inv_mpu.o(.text) refers to inv_mpu_dmp_motion_driver.o(.text) for dmp_set_gyro_bias
    inv_mpu.o(.text) refers to myiic.o(.text) for IIC_Init
    inv_mpu.o(.text) refers to f2d.o(x$fpl$f2d) for __aeabi_f2d
    inv_mpu.o(.text) refers to asin.o(i.__hardfp_asin) for __hardfp_asin
    inv_mpu.o(.text) refers to dmul.o(x$fpl$dmul) for __aeabi_dmul
    inv_mpu.o(.text) refers to d2f.o(x$fpl$d2f) for __aeabi_d2f
    inv_mpu.o(.text) refers to atan2.o(i.__hardfp_atan2) for __hardfp_atan2
    inv_mpu.o(.data) refers to inv_mpu.o(.constdata) for reg
    inv_mpu_dmp_motion_driver.o(.text) refers to inv_mpu.o(.text) for mpu_load_firmware
    inv_mpu_dmp_motion_driver.o(.text) refers to inv_mpu_dmp_motion_driver.o(.constdata) for dmp_memory
    inv_mpu_dmp_motion_driver.o(.text) refers to inv_mpu_dmp_motion_driver.o(.bss) for dmp
    inv_mpu_dmp_motion_driver.o(.text) refers to aeabi_memset.o(.text) for __aeabi_memset
    myiic.o(.text) refers to stm32f4xx_rcc.o(.text) for RCC_AHB1PeriphClockCmd
    myiic.o(.text) refers to stm32f4xx_gpio.o(.text) for GPIO_Init
    myiic.o(.text) refers to delay.o(.text) for delay_us
    motor.o(.text) refers to stm32f4xx_rcc.o(.text) for RCC_APB1PeriphClockCmd
    motor.o(.text) refers to stm32f4xx_gpio.o(.text) for GPIO_PinAFConfig
    motor.o(.text) refers to stm32f4xx_tim.o(.text) for TIM_TimeBaseInit
    motor.o(.text) refers to misc.o(.text) for NVIC_Init
    mpu6050.o(.text) refers to myiic.o(.text) for IIC_Start
    mpu6050.o(.text) refers to delay.o(.text) for delay_ms
    mpu6050.o(.text) refers to dflt_clz.o(x$fpl$dflt) for __aeabi_i2d
    mpu6050.o(.text) refers to ddiv.o(x$fpl$ddiv) for __aeabi_ddiv
    mpu6050.o(.text) refers to daddsub_clz.o(x$fpl$dadd) for __aeabi_dadd
    mpu6050.o(.text) refers to d2f.o(x$fpl$d2f) for __aeabi_d2f
    delay.o(.text) refers to misc.o(.text) for SysTick_CLKSourceConfig
    delay.o(.text) refers to delay.o(.data) for fac_us
    usart.o(.rev16_text) refers (Special) to use_no_semi_2.o(.text) for __use_no_semihosting
    usart.o(.revsh_text) refers (Special) to use_no_semi_2.o(.text) for __use_no_semihosting
    usart.o(.text) refers (Special) to use_no_semi_2.o(.text) for __use_no_semihosting
    usart.o(.text) refers to stm32f4xx_rcc.o(.text) for RCC_AHB1PeriphClockCmd
    usart.o(.text) refers to stm32f4xx_gpio.o(.text) for GPIO_PinAFConfig
    usart.o(.text) refers to stm32f4xx_usart.o(.text) for USART_Init
    usart.o(.text) refers to misc.o(.text) for NVIC_Init
[...]
    .text                                    0x08003818   Section        0  motor.o(.text)
    .text                                    0x08003ac8   Section        0  mpu6050.o(.text)
    .text                                    0x08003e4c   Section        0  delay.o(.text)
    .text                                    0x08003f50   Section        0  usart.o(.text)
    .text                                    0x08004130   Section        0  systick.o(.text)
    .text                                    0x080041ac   Section       64  startup_stm32f40_41xxx.o(.text)
    $v0                                      0x080041ac   Number         0  startup_stm32f40_41xxx.o(.text)
    .text                                    0x080041ec   Section        0  misc.o(.text)
    .text                                    0x080042cc   Section        0  stm32f4xx_gpio.o(.text)
    .text                                    0x08004560   Section        0  stm32f4xx_rcc.o(.text)
    .text                                    0x08004bbc   Section        0  stm32f4xx_usart.o(.text)
    .text                                    0x08005010   Section        0  stm32f4xx_tim.o(.text)
    TI4_Config                               0x080057af   Thumb Code    80  stm32f4xx_tim.o(.text)
    TI3_Config                               0x08005811   Thumb Code    72  stm32f4xx_tim.o(.text)
    TI2_Config                               0x08005873   Thumb Code    90  stm32f4xx_tim.o(.text)
    TI1_Config                               0x080058df   Thumb Code    58  stm32f4xx_tim.o(.text)
    .text                                    0x08005cb2   Section        2  use_no_semi_2.o(.text)
    .text                                    0x08005cb4   Section       72  llsdiv.o(.text)
    .text                                    0x08005cfc   Section        0  noretval__2printf.o(.text)
    .text                                    0x08005d14   Section        0  _printf_pad.o(.text)
    .text                                    0x08005d64   Section        0  _printf_dec.o(.text)
    .text                                    0x08005dd8   Section        0  _printf_hex_int.o(.text)
    .text                                    0x08005e30   Section        0  __printf_flags_wp.o(.text)
    .text                                    0x08005f68   Section        0  memcmp.o(.text)
    .text                                    0x08005fc0   Section       16  aeabi_memset.o(.text)
    .text                                    0x08005fd0   Section        0  heapauxi.o(.text)
    .text                                    0x08005fd6   Section        2  use_no_semi.o(.text)
    .text                                    0x08005fd8   Section      238  lludivv7m.o(.text)
    .text                                    0x080060c6   Section        0  _rserrno.o(.text)
    .text                                    0x080060dc   Section        0  _printf_intcommon.o(.text)
    .text                                    0x08006190   Section        0  _printf_char_file.o(.text)
    .text                                    0x080061b4   Section       68  rt_memclr.o(.text)
    .text                                    0x080061f8   Section        8  rt_errno_addr_intlibspace.o(.text)
    .text                                    0x08006200   Section        0  _printf_char_common.o(.text)
    _printf_input_char                       0x08006201   Thumb Code    10  _printf_char_common.o(.text)
    .text                                    0x08006230   Section        0  ferror.o(.text)
    .text                                    0x08006238   Section       78  rt_memclr_w.o(.text)
    .text                                    0x08006288   Section        8  libspace.o(.text)
    .text                                    0x08006290   Section       74  sys_stackheap_outer.o(.text)
    .text                                    0x080062da   Section        0  exit.o(.text)
    i.__ARM_fpclassify                       0x080062e6   Section        0  fpclassify.o(i.__ARM_fpclassify)
    i.__hardfp_asin                          0x08006318   Section        0  asin.o(i.__hardfp_asin)
    i.__hardfp_atan                          0x08006688   Section        0  atan.o(i.__hardfp_atan)
    i.__hardfp_atan2                         0x08006968   Section        0  atan2.o(i.__hardfp_atan2)
    i.__kernel_poly                          0x08006b58   Section        0  poly.o(i.__kernel_poly)
    i.__mathlib_dbl_underflow                0x08006c50   Section        0  dunder.o(i.__mathlib_dbl_underflow)
    i._is_digit                              0x08006c70   Section        0  __printf_wp.o(i._is_digit)
    i.atan                                   0x08006c7e   Section        0  atan.o(i.atan)
    i.fabs                                   0x08006c8e   Section        0  fabs.o(i.fabs)
    i.sqrt                                   0x08006ca6   Section        0  sqrt.o(i.sqrt)
    x$fpl$basic                              0x08006d14   Section       24  basic.o(x$fpl$basic)
    $v0                                      0x08006d14   Number         0  basic.o(x$fpl$basic)
    x$fpl$d2f                                0x08006d2c   Section       98  d2f.o(x$fpl$d2f)
    $v0                                      0x08006d2c   Number         0  d2f.o(x$fpl$d2f)
    x$fpl$dadd                               0x08006d90   Section      336  daddsub_clz.o(x$fpl$dadd)
    $v0                                      0x08006d90   Number         0  daddsub_clz.o(x$fpl$dadd)
    _dadd1                                   0x08006da1   Thumb Code     0  daddsub_clz.o(x$fpl$dadd)
    x$fpl$ddiv                               0x08006ee0   Section      688  ddiv.o(x$fpl$ddiv)
    $v0                                      0x08006ee0   Number         0  ddiv.o(x$fpl$ddiv)
    ddiv_entry                               0x08006ee7   Thumb Code     0  ddiv.o(x$fpl$ddiv)
    x$fpl$dflt                               0x08007190   Section       46  dflt_clz.o(x$fpl$dflt)
    $v0                                      0x08007190   Number         0  dflt_clz.o(x$fpl$dflt)
    x$fpl$dmul                               0x080071c0   Section      340  dmul.o(x$fpl$dmul)
    $v0                                      0x080071c0   Number         0  dmul.o(x$fpl$dmul)
    x$fpl$dnaninf                            0x08007314   Section      156  dnaninf.o(x$fpl$dnaninf)
    $v0                                      0x08007314   Number         0  dnaninf.o(x$fpl$dnaninf)
    x$fpl$dretinf                            0x080073b0   Section       12  dretinf.o(x$fpl$dretinf)
    $v0                                      0x080073b0   Number         0  dretinf.o(x$fpl$dretinf)
    x$fpl$drsb                               0x080073bc   Section       22  daddsub_clz.o(x$fpl$drsb)
    $v0                                      0x080073bc   Number         0  daddsub_clz.o(x$fpl$drsb)
    x$fpl$dsqrt                              0x080073d4   Section      408  dsqrt_umaal.o(x$fpl$dsqrt)
    $v0                                      0x080073d4   Number         0  dsqrt_umaal.o(x$fpl$dsqrt)
    x$fpl$dsub                               0x0800756c   Section      468  daddsub_clz.o(x$fpl$dsub)
    $v0                                      0x0800756c   Number         0  daddsub_clz.o(x$fpl$dsub)
    _dsub1                                   0x0800757d   Thumb Code     0  daddsub_clz.o(x$fpl$dsub)
    x$fpl$f2d                                0x08007740   Section       86  f2d.o(x$fpl$f2d)
    $v0                                      0x08007740   Number         0  f2d.o(x$fpl$f2d)
    x$fpl$fnaninf                            0x08007796   Section      140  fnaninf.o(x$fpl$fnaninf)
    $v0                                      0x08007796   Number         0  fnaninf.o(x$fpl$fnaninf)
    x$fpl$fpinit                             0x08007822   Section       10  fpinit.o(x$fpl$fpinit)
    $v0                                      0x08007822   Number         0  fpinit.o(x$fpl$fpinit)
    x$fpl$fretinf                            0x0800782c   Section       10  fretinf.o(x$fpl$fretinf)
    $v0                                      0x0800782c   Number         0  fretinf.o(x$fpl$fretinf)
    x$fpl$usenofp                            0x08007836   Section        0  usenofp.o(x$fpl$usenofp)
    .constdata                               0x08007838   Section       80  inv_mpu.o(.constdata)
    .constdata                               0x08007888   Section     3062  inv_mpu_dmp_motion_driver.o(.constdata)
    dmp_memory                               0x08007888   Data        3062  inv_mpu_dmp_motion_driver.o(.constdata)
    .constdata                               0x0800847e   Section       40  _printf_hex_int.o(.constdata)
    uc_hextab                                0x0800847e   Data          20  _printf_hex_int.o(.constdata)
    lc_hextab                                0x08008492   Data          20  _printf_hex_int.o(.constdata)
    .constdata                               0x080084a6   Section       17  __printf_flags_wp.o(.constdata)
    maptable                                 0x080084a6   Data          17  __printf_flags_wp.o(.constdata)
    .constdata                               0x080084b8   Section       80  asin.o(.constdata)
    pS                                       0x080084b8   Data          48  asin.o(.constdata)
    qS                                       0x080084e8   Data          32  asin.o(.constdata)
    .constdata                               0x08008508   Section      152  atan.o(.constdata)
    atanhi                                   0x08008508   Data          32  atan.o(.constdata)
    atanlo                                   0x08008528   Data          32  atan.o(.constdata)
    aTodd                                    0x08008548   Data          40  atan.o(.constdata)
    aTeven                                   0x08008570   Data          48  atan.o(.constdata)
    .constdata                               0x080085a0   Section        8  qnan.o(.constdata)
    .conststring                             0x080085a8   Section       77  inv_mpu.o(.conststring)
    .data                                    0x20000000   Section       20  system_stm32f4xx.o(.data)
    .data                                    0x20000014   Section       68  contro.o(.data)
    .data                                    0x20000058   Section       53  inv_mpu.o(.data)
    st                                       0x20000058   Data          44  inv_mpu.o(.data)
    gyro_orientation                         0x20000084   Data           9  inv_mpu.o(.data)
    .data                                    0x2000008e   Section        4  delay.o(.data)
    fac_us                                   0x2000008e   Data           1  delay.o(.data)
    fac_ms                                   0x20000090   Data           2  delay.o(.data)
    .data                                    0x20000094   Section        6  usart.o(.data)
    .data                                    0x2000009a   Section       16  stm32f4xx_rcc.o(.data)
    APBAHBPrescTable                         0x2000009a   Data          16  stm32f4xx_rcc.o(.data)
    .bss                                     0x200000ac   Section       16  inv_mpu_dmp_motion_driver.o(.bss)
    dmp                                      0x200000ac   Data          16  inv_mpu_dmp_motion_driver.o(.bss)
    .bss                                     0x200000bc   Section      200  usart.o(.bss)
    .bss                                     0x20000184   Section       96  libspace.o(.bss)
    HEAP                                     0x200001e8   Section      512  startup_stm32f40_41xxx.o(HEAP)
    Heap_Mem                                 0x200001e8   Data         512  startup_stm32f40_41xxx.o(HEAP)
    STACK                                    0x200003e8   Section     1024  startup_stm32f40_41xxx.o(STACK)
    Stack_Mem                                0x200003e8   Data        1024  startup_stm32f40_41xxx.o(STACK)
    __initial_sp                             0x200007e8   Data           0  startup_stm32f40_41xxx.o(STACK)

    Global Symbols

    Symbol Name                              Value     Ov Type        Size  Object(Section)

    BuildAttributes$$THM_ISAv4$E$P$D$K$B$S$7EM$VFPi3$EXTD16$VFPS$VFMA$PE$A:L22UL41UL21$X:L11$S22US41US21$IEEE1$IW$USESV6$~STKCKD$USESV7$~SHL$OTIME$ROPI$IEEEX$EBA8$UX$STANDARDLIB$REQ8$PRES8$EABIv2 0x00000000   Number         0  anon$$obj.o ABSOLUTE
    __ARM_use_no_argv                        0x00000000   Number         0  main.o ABSOLUTE
    _printf_flags                            0x00000000   Number         0  printf_stubs.o ABSOLUTE
    _printf_return_value                     0x00000000   Number         0  printf_stubs.o ABSOLUTE
    _printf_sizespec                         0x00000000   Number         0  printf_stubs.o ABSOLUTE
    _printf_widthprec                        0x00000000   Number         0  printf_stubs.o ABSOLUTE
    __ARM_exceptions_init                     - Undefined Weak Reference
    __alloca_initialize                       - Undefined Weak Reference
    __cpp_initialize__aeabi_                  - Undefined Weak Reference
    __cxa_finalize                            - Undefined Weak Reference
    __rt_locale                               - Undefined Weak Reference
    __sigvec_lookup                           - Undefined Weak Reference
    _atexit_init                              - Undefined Weak Reference
    _call_atexit_fns                          - Undefined Weak Reference
    _clock_init                               - Undefined Weak Reference
    _fp_trap_init                             - Undefined Weak Reference
    _fp_trap_shutdown                         - Undefined Weak Reference
    _get_lc_collate                           - Undefined Weak Reference
    _get_lc_ctype                             - Undefined Weak Reference
    _get_lc_monetary                          - Undefined Weak Reference
    _get_lc_numeric                           - Undefined Weak Reference
    _get_lc_time                              - Undefined Weak Reference
    _getenv_init                              - Undefined Weak Reference
    _handle_redirection                       - Undefined Weak Reference
    _init_alloc                               - Undefined Weak Reference
    _init_user_alloc                          - Undefined Weak Reference
    _initio                                   - Undefined Weak Reference
    _mutex_acquire                            - Undefined Weak Reference
    _mutex_release                            - Undefined Weak Reference
    _printf_truncate_signed                   - Undefined Weak Reference
    _printf_truncate_unsigned                 - Undefined Weak Reference
    _rand_init                                - Undefined Weak Reference
    _signal_finish                            - Undefined Weak Reference
    _signal_init                              - Undefined Weak Reference
    _terminate_alloc                          - Undefined Weak Reference
    _terminate_user_alloc                     - Undefined Weak Reference
    _terminateio                              - Undefined Weak Reference
    __Vectors_Size                           0x00000188   Number         0  startup_stm32f40_41xxx.o ABSOLUTE
    __Vectors                                0x08000000   Data           4  startup_stm32f40_41xxx.o(RESET)
    __Vectors_End                            0x08000188   Data           0  startup_stm32f40_41xxx.o(RESET)
    __main                                   0x08000189   Thumb Code     8  __main.o(!!!main)
    __scatterload                            0x08000191   Thumb Code     0  __scatter.o(!!!scatter)
    __scatterload_rt2                        0x08000191   Thumb Code    44  __scatter.o(!!!scatter)
    __scatterload_rt2_thumb_only             0x08000191   Thumb Code     0  __scatter.o(!!!scatter)
    __scatterload_null                       0x0800019f   Thumb Code     0  __scatter.o(!!!scatter)
    __scatterload_copy                       0x080001c5   Thumb Code    26  __scatter_copy.o(!!handler_copy)
    __scatterload_zeroinit                   0x080001e1   Thumb Code    28  __scatter_zi.o(!!handler_zi)
    _printf_d                                0x080001fd   Thumb Code     0  _printf_d.o(.ARM.Collect$$_printf_percent$$00000009)
    _printf_percent                          0x080001fd   Thumb Code     0  _printf_percent.o(.ARM.Collect$$_printf_percent$$00000000)
    _printf_x                                0x08000203   Thumb Code     0  _printf_x.o(.ARM.Collect$$_printf_percent$$0000000C)
    _printf_percent_end                      0x08000209   Thumb Code     0  _printf_percent_end.o(.ARM.Collect$$_printf_percent$$00000017)
    __rt_lib_init                            0x0800020d   Thumb Code     0  libinit.o(.ARM.Collect$$libinit$$00000000)
    __rt_lib_init_fp_1                       0x0800020f   Thumb Code     0  libinit2.o(.ARM.Collect$$libinit$$00000001)
    __rt_lib_init_alloca_1                   0x08000213   Thumb Code     0  libinit2.o(.ARM.Collect$$libinit$$0000002C)
    __rt_lib_init_argv_1                     0x08000213   Thumb Code     0  libinit2.o(.ARM.Collect$$libinit$$0000002A)
    __rt_lib_init_atexit_1                   0x08000213   Thumb Code     0  libinit2.o(.ARM.Collect$$libinit$$00000019)
    __rt_lib_init_clock_1                    0x08000213   Thumb Code     0  libinit2.o(.ARM.Collect$$libinit$$0000001F)
    __rt_lib_init_cpp_1                      0x08000213   Thumb Code     0  libinit2.o(.ARM.Collect$$libinit$$00000030)
    __rt_lib_init_exceptions_1               0x08000213   Thumb Code     0  libinit2.o(.ARM.Collect$$libinit$$0000002E)
    __rt_lib_init_fp_trap_1                  0x08000213   Thumb Code     0  libinit2.o(.ARM.Collect$$libinit$$0000001D)
    __rt_lib_init_getenv_1                   0x08000213   Thumb Code     0  libinit2.o(.ARM.Collect$$libinit$$00000021)
    __rt_lib_init_heap_1                     0x08000213   Thumb Code     0  libinit2.o(.ARM.Collect$$libinit$$00000008)
    __rt_lib_init_lc_collate_1               0x08000213   Thumb Code     0  libinit2.o(.ARM.Collect$$libinit$$0000000F)
    __rt_lib_init_lc_ctype_1                 0x08000213   Thumb Code     0  libinit2.o(.ARM.Collect$$libinit$$00000011)
    __rt_lib_init_lc_monetary_1              0x08000213   Thumb Code     0  libinit2.o(.ARM.Collect$$libinit$$00000013)
    __rt_lib_init_lc_numeric_1               0x08000213   Thumb Code     0  libinit2.o(.ARM.Collect$$libinit$$00000015)
    __rt_lib_init_lc_time_1                  0x08000213   Thumb Code     0  libinit2.o(.ARM.Collect$$libinit$$00000017)
    __rt_lib_init_rand_1                     0x08000213   Thumb Code     0  libinit2.o(.ARM.Collect$$libinit$$0000000C)
    __rt_lib_init_return                     0x08000213   Thumb Code     0  libinit2.o(.ARM.Collect$$libinit$$00000031)
    __rt_lib_init_signal_1                   0x08000213   Thumb Code     0  libinit2.o(.ARM.Collect$$libinit$$0000001B)
    __rt_lib_init_stdio_1                    0x08000213   Thumb Code     0  libinit2.o(.ARM.Collect$$libinit$$00000023)
    __rt_lib_init_user_alloc_1               0x08000213   Thumb Code     0  libinit2.o(.ARM.Collect$$libinit$$0000000A)
    __rt_lib_shutdown                        0x08000215   Thumb Code     0  libshutdown.o(.ARM.Collect$$libshutdown$$00000000)
    __rt_lib_shutdown_fp_trap_1              0x08000217   Thumb Code     0  libshutdown2.o(.ARM.Collect$$libshutdown$$00000006)
    __rt_lib_shutdown_heap_1                 0x08000217   Thumb Code     0  libshutdown2.o(.ARM.Collect$$libshutdown$$0000000E)
    __rt_lib_shutdown_return                 0x08000217   Thumb Code     0  libshutdown2.o(.ARM.Collect$$libshutdown$$0000000F)
    __rt_lib_shutdown_signal_1               0x08000217   Thumb Code     0  libshutdown2.o(.ARM.Collect$$libshutdown$$00000009)
    __rt_lib_shutdown_stdio_1                0x08000217   Thumb Code     0  libshutdown2.o(.ARM.Collect$$libshutdown$$00000003)
    __rt_lib_shutdown_user_alloc_1           0x08000217   Thumb Code     0  libshutdown2.o(.ARM.Collect$$libshutdown$$0000000B)
    __rt_entry                               0x08000219   Thumb Code     0  rtentry.o(.ARM.Collect$$rtentry$$00000000)
    __rt_entry_presh_1                       0x08000219   Thumb Code     0  rtentry2.o(.ARM.Collect$$rtentry$$00000002)
    __rt_entry_sh                            0x08000219   Thumb Code     0  rtentry4.o(.ARM.Collect$$rtentry$$00000004)
    __rt_entry_li                            0x0800021f   Thumb Code     0  rtentry2.o(.ARM.Collect$$rtentry$$0000000A)
    __rt_entry_postsh_1                      0x0800021f   Thumb Code     0  rtentry2.o(.ARM.Collect$$rtentry$$00000009)
    __rt_entry_main                          0x08000223   Thumb Code     0  rtentry2.o(.ARM.Collect$$rtentry$$0000000D)
    __rt_entry_postli_1                      0x08000223   Thumb Code     0  rtentry2.o(.ARM.Collect$$rtentry$$0000000C)
    __rt_exit                                0x0800022b   Thumb Code     0  rtexit.o(.ARM.Collect$$rtexit$$00000000)
    __rt_exit_ls                             0x0800022d   Thumb Code     0  rtexit2.o(.ARM.Collect$$rtexit$$00000003)
    __rt_exit_prels_1                        0x0800022d   Thumb Code     0  rtexit2.o(.ARM.Collect$$rtexit$$00000002)
    __rt_exit_exit                           0x08000231   Thumb Code     0  rtexit2.o(.ARM.Collect$$rtexit$$00000004)
    main                                     0x08000239   Thumb Code   108  main.o(.text)
    NMI_Handler                              0x080002c1   Thumb Code     2  stm32f4xx_it.o(.text)
    HardFault_Handler                        0x080002c3   Thumb Code     4  stm32f4xx_it.o(.text)
    MemManage_Handler                        0x080002c7   Thumb Code     4  stm32f4xx_it.o(.text)
    BusFault_Handler                         0x080002cb   Thumb Code     4  stm32f4xx_it.o(.text)
    UsageFault_Handler                       0x080002cf   Thumb Code     4  stm32f4xx_it.o(.text)
    SVC_Handler                              0x080002d3   Thumb Code     2  stm32f4xx_it.o(.text)
    DebugMon_Handler                         0x080002d5   Thumb Code     2  stm32f4xx_it.o(.text)
    PendSV_Handler                           0x080002d7   Thumb Code     2  stm32f4xx_it.o(.text)
    SysTick_Handler                          0x080002d9   Thumb Code    30  stm32f4xx_it.o(.text)
    SystemInit                               0x080003d9   Thumb Code    88  system_stm32f4xx.o(.text)
    SystemCoreClockUpdate                    0x08000431   Thumb Code   174  system_stm32f4xx.o(.text)
    GetMotorPulse                            0x0800050d   Thumb Code    76  contro.o(.text)
    mpu_reg_dump                             0x080005f7   Thumb Code    84  inv_mpu.o(.text)
    mpu_read_reg                             0x0800064b   Thumb Code    66  inv_mpu.o(.text)
    mpu_set_int_latched                      0x0800068d   Thumb Code   102  inv_mpu.o(.text)
    mpu_set_sensors                          0x080006f3   Thumb Code   202  inv_mpu.o(.text)
    mpu_set_bypass                           0x080007bd   Thumb Code   328  inv_mpu.o(.text)
    mpu_reset_fifo                           0x08000905   Thumb Code   472  inv_mpu.o(.text)
    mpu_configure_fifo                       0x08000add   Thumb Code   106  inv_mpu.o(.text)
    mpu_set_lpf                              0x08000b47   Thumb Code   126  inv_mpu.o(.text)
    mpu_lp_accel_mode                        0x08000bc5   Thumb Code   218  inv_mpu.o(.text)
    mpu_set_sample_rate                      0x08000c9f   Thumb Code   152  inv_mpu.o(.text)
    mpu_set_accel_fsr                        0x08000d37   Thumb Code   132  inv_mpu.o(.text)
    mpu_set_gyro_fsr                         0x08000dbb   Thumb Code   132  inv_mpu.o(.text)
    mpu_init                                 0x08000e3f   Thumb Code   416  inv_mpu.o(.text)
    mget_ms                                  0x08000fdf   Thumb Code     2  inv_mpu.o(.text)
    mpu_get_gyro_reg                         0x08000fe1   Thumb Code   110  inv_mpu.o(.text)
    mpu_get_accel_reg                        0x0800104f   Thumb Code   110  inv_mpu.o(.text)
    mpu_get_temperature                      0x080010bd   Thumb Code   142  inv_mpu.o(.text)
    mpu_set_accel_bias                       0x0800114b   Thumb Code   472  inv_mpu.o(.text)
    mpu_get_gyro_fsr                         0x08001323   Thumb Code    64  inv_mpu.o(.text)
    mpu_get_accel_fsr                        0x08001363   Thumb Code    72  inv_mpu.o(.text)
    mpu_get_lpf                              0x080013ab   Thumb Code    74  inv_mpu.o(.text)
    mpu_get_sample_rate                      0x080013f5   Thumb Code    26  inv_mpu.o(.text)
    mpu_get_compass_sample_rate              0x0800140f   Thumb Code    10  inv_mpu.o(.text)
    mpu_set_compass_sample_rate              0x08001419   Thumb Code     8  inv_mpu.o(.text)
    mpu_get_gyro_sens                        0x08001421   Thumb Code    74  inv_mpu.o(.text)
    mpu_get_accel_sens                       0x0800146b   Thumb Code    78  inv_mpu.o(.text)
    mpu_get_fifo_config                      0x080014b9   Thumb Code    12  inv_mpu.o(.text)
    mpu_get_power_state                      0x080014c5   Thumb Code    22  inv_mpu.o(.text)
    mpu_get_int_status                       0x080014db   Thumb Code    64  inv_mpu.o(.text)
    mpu_read_fifo                            0x0800151b   Thumb Code   520  inv_mpu.o(.text)
    mpu_read_fifo_stream                     0x08001723   Thumb Code   186  inv_mpu.o(.text)
    mpu_set_int_level                        0x080017dd   Thumb Code    12  inv_mpu.o(.text)
    mpu_set_dmp_state                        0x08001eed   Thumb Code   138  inv_mpu.o(.text)
    mpu_run_self_test                        0x08001f77   Thumb Code   278  inv_mpu.o(.text)
    mpu_write_mem                            0x0800208d   Thumb Code   122  inv_mpu.o(.text)
    mpu_read_mem                             0x08002107   Thumb Code   122  inv_mpu.o(.text)
    mpu_load_firmware                        0x08002181   Thumb Code   190  inv_mpu.o(.text)
    mpu_get_dmp_state                        0x0800223f   Thumb Code    14  inv_mpu.o(.text)
    setup_compass                            0x0800224d   Thumb Code     6  inv_mpu.o(.text)
    mpu_get_compass_reg                      0x08002253   Thumb Code     8  inv_mpu.o(.text)
    mpu_get_compass_fsr                      0x0800225b   Thumb Code     8  inv_mpu.o(.text)
    mpu_lp_motion_interrupt                  0x08002263   Thumb Code   512  inv_mpu.o(.text)
    run_self_test                            0x08002463   Thumb Code   154  inv_mpu.o(.text)
    inv_row_2_scale                          0x080024fd   Thumb Code    78  inv_mpu.o(.text)
    inv_orientation_matrix_to_scalar         0x0800254b   Thumb Code    40  inv_mpu.o(.text)
    mpu_dmp_init                             0x08002573   Thumb Code   160  inv_mpu.o(.text)
    mpu_dmp_get_data                         0x08002613   Thumb Code   520  inv_mpu.o(.text)
    dmp_load_motion_driver_firmware          0x0800282d   Thumb Code    20  inv_mpu_dmp_motion_driver.o(.text)
    dmp_set_orientation                      0x08002841   Thumb Code   290  inv_mpu_dmp_motion_driver.o(.text)
    dmp_set_gyro_bias                        0x08002963   Thumb Code   294  inv_mpu_dmp_motion_driver.o(.text)
    dmp_set_accel_bias                       0x08002a89   Thumb Code   300  inv_mpu_dmp_motion_driver.o(.text)
    dmp_set_fifo_rate                        0x08002bb5   Thumb Code   136  inv_mpu_dmp_motion_driver.o(.text)
    dmp_get_fifo_rate                        0x08002c3d   Thumb Code    12  inv_mpu_dmp_motion_driver.o(.text)
    dmp_set_tap_thresh                       0x08002c49   Thumb Code   412  inv_mpu_dmp_motion_driver.o(.text)
    dmp_set_tap_axes                         0x08002de5   Thumb Code    70  inv_mpu_dmp_motion_driver.o(.text)
    dmp_set_tap_count                        0x08002e2b   Thumb Code    38  inv_mpu_dmp_motion_driver.o(.text)
    dmp_set_tap_time                         0x08002e51   Thumb Code    38  inv_mpu_dmp_motion_driver.o(.text)
    dmp_set_tap_time_multi                   0x08002e77   Thumb Code    38  inv_mpu_dmp_motion_driver.o(.text)
    dmp_set_shake_reject_thresh              0x08002e9d   Thumb Code    56  inv_mpu_dmp_motion_driver.o(.text)
    dmp_set_shake_reject_time                0x08002ed5   Thumb Code    38  inv_mpu_dmp_motion_driver.o(.text)
    dmp_set_shake_reject_timeout             0x08002efb   Thumb Code    38  inv_mpu_dmp_motion_driver.o(.text)
    dmp_get_pedometer_step_count             0x08002f21   Thumb Code    66  inv_mpu_dmp_motion_driver.o(.text)
    dmp_set_pedometer_step_count             0x08002f63   Thumb Code    42  inv_mpu_dmp_motion_driver.o(.text)
    dmp_get_pedometer_walk_time              0x08002f8d   Thumb Code    72  inv_mpu_dmp_motion_driver.o(.text)
    dmp_set_pedometer_walk_time              0x08002fd5   Thumb Code    48  inv_mpu_dmp_motion_driver.o(.text)
    dmp_enable_6x_lp_quat                    0x08003005   Thumb Code   100  inv_mpu_dmp_motion_driver.o(.text)
    dmp_enable_lp_quat                       0x08003069   Thumb Code    60  inv_mpu_dmp_motion_driver.o(.text)
    dmp_enable_gyro_cal                      0x080030a5   Thumb Code    62  inv_mpu_dmp_motion_driver.o(.text)
    dmp_enable_feature                       0x080030e3   Thumb Code   530  inv_mpu_dmp_motion_driver.o(.text)
    dmp_get_enabled_features                 0x080032f5   Thumb Code    12  inv_mpu_dmp_motion_driver.o(.text)
    dmp_set_interrupt_mode                   0x0800335f   Thumb Code    66  inv_mpu_dmp_motion_driver.o(.text)
    dmp_read_fifo                            0x080033a1   Thumb Code   514  inv_mpu_dmp_motion_driver.o(.text)
    dmp_register_tap_cb                      0x080035a3   Thumb Code    10  inv_mpu_dmp_motion_driver.o(.text)
    dmp_register_android_orient_cb           0x080035ad   Thumb Code    10  inv_mpu_dmp_motion_driver.o(.text)
    IIC_Init                                 0x080035bd   Thumb Code    62  myiic.o(.text)
    IIC_Start                                0x080035fb   Thumb Code    68  myiic.o(.text)
    IIC_Stop                                 0x0800363f   Thumb Code    62  myiic.o(.text)
    IIC_Wait_Ack                             0x0800367d   Thumb Code    82  myiic.o(.text)
    IIC_Ack                                  0x080036cf   Thumb Code    66  myiic.o(.text)
    IIC_NAck                                 0x08003711   Thumb Code    66  myiic.o(.text)
    IIC_Send_Byte                            0x08003753   Thumb Code    90  myiic.o(.text)
    IIC_Read_Byte                            0x080037ad   Thumb Code    94  myiic.o(.text)
    motor_init                               0x08003819   Thumb Code   282  motor.o(.text)
    TIM2_Encoder_Init                        0x08003933   Thumb Code   184  motor.o(.text)
    TIM4_Encoder_Init                        0x080039eb   Thumb Code   182  motor.o(.text)
    TIM2_IRQHandler                          0x08003aa1   Thumb Code    12  motor.o(.text)
    TIM4_IRQHandler                          0x08003aad   Thumb Code    12  motor.o(.text)
    MPU_Write_Byte                           0x08003ac9   Thumb Code    68  mpu6050.o(.text)
    MPU_Set_LPF                              0x08003b0d   Thumb Code    58  mpu6050.o(.text)
    MPU_Set_Rate                             0x08003b47   Thumb Code    58  mpu6050.o(.text)
    MPU_Read_Byte                            0x08003b81   Thumb Code    58  mpu6050.o(.text)
    MPU_Set_Accel_Fsr                        0x08003bbb   Thumb Code    16  mpu6050.o(.text)
    MPU_Set_Gyro_Fsr                         0x08003bcb   Thumb Code    16  mpu6050.o(.text)
    MPU_Init                                 0x08003bdb   Thumb Code   122  mpu6050.o(.text)
    MPU_Read_Len                             0x08003c55   Thumb Code   116  mpu6050.o(.text)
    MPU_Get_Temperature                      0x08003cc9   Thumb Code   110  mpu6050.o(.text)
    MPU_Get_Gyroscope                        0x08003d37   Thumb Code    80  mpu6050.o(.text)
    MPU_Get_Accelerometer                    0x08003d87   Thumb Code    80  mpu6050.o(.text)
    MPU_Write_Len                            0x08003dd7   Thumb Code    96  mpu6050.o(.text)
    delay_init                               0x08003e4d   Thumb Code    52  delay.o(.text)
    delay_us                                 0x08003e81   Thumb Code    72  delay.o(.text)
    delay_xms                                0x08003ec9   Thumb Code    72  delay.o(.text)
    delay_ms                                 0x08003f11   Thumb Code    56  delay.o(.text)
    _sys_exit                                0x08003f51   Thumb Code     6  usart.o(.text)
    fputc                                    0x08003f57   Thumb Code    22  usart.o(.text)
    uart_init                                0x08003f6d   Thumb Code   172  usart.o(.text)
    USART1_IRQHandler                        0x08004019   Thumb Code   260  usart.o(.text)
    SysTick_Init                             0x08004131   Thumb Code   110  systick.o(.text)
    Reset_Handler                            0x080041ad   Thumb Code     8  startup_stm32f40_41xxx.o(.text)
    ADC_IRQHandler                           0x080041c7   Thumb Code     0  startup_stm32f40_41xxx.o(.text)
    CAN1_RX0_IRQHandler                      0x080041c7   Thumb Code     0  startup_stm32f40_41xxx.o(.text)
    CAN1_RX1_IRQHandler                      0x080041c7   Thumb Code     0  startup_stm32f40_41xxx.o(.text)
    CAN1_SCE_IRQHandler                      0x080041c7   Thumb Code     0  startup_stm32f40_41xxx.o(.text)
    CAN1_TX_IRQHandler                       0x080041c7   Thumb Code     0  startup_stm32f40_41xxx.o(.text)
    CAN2_RX0_IRQHandler                      0x080041c7   Thumb Code     0  startup_stm32f40_41xxx.o(.text)
    CAN2_RX1_IRQHandler                      0x080041c7   Thumb Code     0  startup_stm32f40_41xxx.o(.text)
    CAN2_SCE_IRQHandler                      0x080041c7   Thumb Code     0  startup_stm32f40_41xxx.o(.text)
    CAN2_TX_IRQHandler                       0x080041c7   Thumb Code     0  startup_stm32f40_41xxx.o(.text)
    CRYP_IRQHandler                          0x080041c7   Thumb Code     0  startup_stm32f40_41xxx.o(.text)
    DCMI_IRQHandler                          0x080041c7   Thumb Code     0  startup_stm32f40_41xxx.o(.text)
    DMA1_Stream0_IRQHandler                  0x080041c7   Thumb Code     0  startup_stm32f40_41xxx.o(.text)
    DMA1_Stream1_IRQHandler                  0x080041c7   Thumb Code     0  startup_stm32f40_41xxx.o(.text)
    DMA1_Stream2_IRQHandler                  0x080041c7   Thumb Code     0  startup_stm32f40_41xxx.o(.text)
    DMA1_Stream3_IRQHandler                  0x080041c7   Thumb Code     0  startup_stm32f40_41xxx.o(.text)
    DMA1_Stream4_IRQHandler                  0x080041c7   Thumb Code     0  startup_stm32f40_41xxx.o(.text)
    DMA1_Stream5_IRQHandler                  0x080041c7   Thumb Code     0  startup_stm32f40_41xxx.o(.text)
    DMA1_Stream6_IRQHandler                  0x080041c7   Thumb Code     0  startup_stm32f40_41xxx.o(.text)
    DMA1_Stream7_IRQHandler                  0x080041c7   Thumb Code     0  startup_stm32f40_41xxx.o(.text)
    DMA2_Stream0_IRQHandler                  0x080041c7   Thumb Code     0  startup_stm32f40_41xxx.o(.text)
    DMA2_Stream1_IRQHandler                  0x080041c7   Thumb Code     0  startup_stm32f40_41xxx.o(.text)
    DMA2_Stream2_IRQHandler                  0x080041c7   Thumb Code     0  startup_stm32f40_41xxx.o(.text)
    DMA2_Stream3_IRQHandler                  0x080041c7   Thumb Code     0  startup_stm32f40_41xxx.o(.text)
    DMA2_Stream4_IRQHandler                  0x080041c7   Thumb Code     0  startup_stm32f40_41xxx.o(.text)
    DMA2_Stream5_IRQHandler                  0x080041c7   Thumb Code     0  startup_stm32f40_41xxx.o(.text)
    DMA2_Stream6_IRQHandler                  0x080041c7   Thumb Code     0  startup_stm32f40_41xxx.o(.text)
    DMA2_Stream7_IRQHandler                  0x080041c7   Thumb Code     0  startup_stm32f40_41xxx.o(.text)
    ETH_IRQHandler                           0x080041c7   Thumb Code     0  startup_stm32f40_41xxx.o(.text)
    ETH_WKUP_IRQHandler                      0x080041c7   Thumb Code     0  startup_stm32f40_41xxx.o(.text)
    EXTI0_IRQHandler                         0x080041c7   Thumb Code     0  startup_stm32f40_41xxx.o(.text)
    EXTI15_10_IRQHandler                     0x080041c7   Thumb Code     0  startup_stm32f40_41xxx.o(.text)
    EXTI1_IRQHandler                         0x080041c7   Thumb Code     0  startup_stm32f40_41xxx.o(.text)
    EXTI2_IRQHandler                         0x080041c7   Thumb Code     0  startup_stm32f40_41xxx.o(.text)
    EXTI3_IRQHandler                         0x080041c7   Thumb Code     0  startup_stm32f40_41xxx.o(.text)
    EXTI4_IRQHandler                         0x080041c7   Thumb Code     0  startup_stm32f40_41xxx.o(.text)
    EXTI9_5_IRQHandler                       0x080041c7   Thumb Code     0  startup_stm32f40_41xxx.o(.text)
    FLASH_IRQHandler                         0x080041c7   Thumb Code     0  startup_stm32f40_41xxx.o(.text)
    FPU_IRQHandler                           0x080041c7   Thumb Code     0  startup_stm32f40_41xxx.o(.text)
    FSMC_IRQHandler                          0x080041c7   Thumb Code     0  startup_stm32f40_41xxx.o(.text)
    HASH_RNG_IRQHandler                      0x080041c7   Thumb Code     0  startup_stm32f40_41xxx.o(.text)
    I2C1_ER_IRQHandler                       0x080041c7   Thumb Code     0  startup_stm32f40_41xxx.o(.text)
    I2C1_EV_IRQHandler                       0x080041c7   Thumb Code     0  startup_stm32f40_41xxx.o(.text)
    I2C2_ER_IRQHandler                       0x080041c7   Thumb Code     0  startup_stm32f40_41xxx.o(.text)
    I2C2_EV_IRQHandler                       0x080041c7   Thumb Code     0  startup_stm32f40_41xxx.o(.text)
    I2C3_ER_IRQHandler                       0x080041c7   Thumb Code     0  startup_stm32f40_41xxx.o(.text)
    I2C3_EV_IRQHandler                       0x080041c7   Thumb Code     0  startup_stm32f40_41xxx.o(.text)
    OTG_FS_IRQHandler                        0x080041c7   Thumb Code     0  startup_stm32f40_41xxx.o(.text)
    OTG_FS_WKUP_IRQHandler                   0x080041c7   Thumb Code     0  startup_stm32f40_41xxx.o(.text)
    OTG_HS_EP1_IN_IRQHandler                 0x080041c7   Thumb Code     0  startup_stm32f40_41xxx.o(.text)
    OTG_HS_EP1_OUT_IRQHandler                0x080041c7   Thumb Code     0  startup_stm32f40_41xxx.o(.text)
    OTG_HS_IRQHandler                        0x080041c7   Thumb Code     0  startup_stm32f40_41xxx.o(.text)
    OTG_HS_WKUP_IRQHandler                   0x080041c7   Thumb Code     0  startup_stm32f40_41xxx.o(.text)
    PVD_IRQHandler                           0x080041c7   Thumb Code     0  startup_stm32f40_41xxx.o(.text)
    RCC_IRQHandler                           0x080041c7   Thumb Code     0  startup_stm32f40_41xxx.o(.text)
    RTC_Alarm_IRQHandler                     0x080041c7   Thumb Code     0  startup_stm32f40_41xxx.o(.text)
    RTC_WKUP_IRQHandler                      0x080041c7   Thumb Code     0  startup_stm32f40_41xxx.o(.text)
    SDIO_IRQHandler                          0x080041c7   Thumb Code     0  startup_stm32f40_41xxx.o(.text)
    SPI1_IRQHandler                          0x080041c7   Thumb Code     0  startup_stm32f40_41xxx.o(.text)
    SPI2_IRQHandler                          0x080041c7   Thumb Code     0  startup_stm32f40_41xxx.o(.text)
    SPI3_IRQHandler                          0x080041c7   Thumb Code     0  startup_stm32f40_41xxx.o(.text)
    TAMP_STAMP_IRQHandler                    0x080041c7   Thumb Code     0  startup_stm32f40_41xxx.o(.text)
    TIM1_BRK_TIM9_IRQHandler                 0x080041c7   Thumb Code     0  startup_stm32f40_41xxx.o(.text)
    TIM1_CC_IRQHandler                       0x080041c7   Thumb Code     0  startup_stm32f40_41xxx.o(.text)
    TIM1_TRG_COM_TIM11_IRQHandler            0x080041c7   Thumb Code     0  startup_stm32f40_41xxx.o(.text)
    TIM1_UP_TIM10_IRQHandler                 0x080041c7   Thumb Code     0  startup_stm32f40_41xxx.o(.text)
    TIM3_IRQHandler                          0x080041c7   Thumb Code     0  startup_stm32f40_41xxx.o(.text)
    TIM5_IRQHandler                          0x080041c7   Thumb Code     0  startup_stm32f40_41xxx.o(.text)
    TIM6_DAC_IRQHandler                      0x080041c7   Thumb Code     0  startup_stm32f40_41xxx.o(.text)
    TIM7_IRQHandler                          0x080041c7   Thumb Code     0  startup_stm32f40_41xxx.o(.text)
    TIM8_BRK_TIM12_IRQHandler                0x080041c7   Thumb Code     0  startup_stm32f40_41xxx.o(.text)
    TIM8_CC_IRQHandler                       0x080041c7   Thumb Code     0  startup_stm32f40_41xxx.o(.text)
    TIM8_TRG_COM_TIM14_IRQHandler            0x080041c7   Thumb Code     0  startup_stm32f40_41xxx.o(.text)
    TIM8_UP_TIM13_IRQHandler                 0x080041c7   Thumb Code     0  startup_stm32f40_41xxx.o(.text)
    UART4_IRQHandler                         0x080041c7   Thumb Code     0  startup_stm32f40_41xxx.o(.text)
    UART5_IRQHandler                         0x080041c7   Thumb Code     0  startup_stm32f40_41xxx.o(.text)
    USART2_IRQHandler                        0x080041c7   Thumb Code     0  startup_stm32f40_41xxx.o(.text)
    USART3_IRQHandler                        0x080041c7   Thumb Code     0  startup_stm32f40_41xxx.o(.text)
    USART6_IRQHandler                        0x080041c7   Thumb Code     0  startup_stm32f40_41xxx.o(.text)
    WWDG_IRQHandler                          0x080041c7   Thumb Code     0  startup_stm32f40_41xxx.o(.text)
    __user_initial_stackheap                 0x080041c9   Thumb Code     0  startup_stm32f40_41xxx.o(.text)
    NVIC_PriorityGroupConfig                 0x080041ed   Thumb Code    10  misc.o(.text)
    NVIC_Init                                0x080041f7   Thumb Code   106  misc.o(.text)
    NVIC_SetVectorTable                      0x08004261   Thumb Code    14  misc.o(.text)
    NVIC_SystemLPConfig                      0x0800426f   Thumb Code    34  misc.o(.text)
    SysTick_CLKSourceConfig                  0x08004291   Thumb Code    40  misc.o(.text)
    GPIO_DeInit                              0x080042cd   Thumb Code   268  stm32f4xx_gpio.o(.text)
    GPIO_Init                                0x080043d9   Thumb Code   144  stm32f4xx_gpio.o(.text)
    GPIO_StructInit                          0x08004469   Thumb Code    18  stm32f4xx_gpio.o(.text)
    GPIO_PinLockConfig                       0x0800447b   Thumb Code    34  stm32f4xx_gpio.o(.text)
    GPIO_ReadInputDataBit                    0x0800449d   Thumb Code    18  stm32f4xx_gpio.o(.text)
    GPIO_ReadInputData                       0x080044af   Thumb Code     8  stm32f4xx_gpio.o(.text)
    GPIO_ReadOutputDataBit                   0x080044b7   Thumb Code    18  stm32f4xx_gpio.o(.text)
    GPIO_ReadOutputData                      0x080044c9   Thumb Code     8  stm32f4xx_gpio.o(.text)
    GPIO_SetBits                             0x080044d1   Thumb Code     4  stm32f4xx_gpio.o(.text)
    GPIO_ResetBits                           0x080044d5   Thumb Code     4  stm32f4xx_gpio.o(.text)
    GPIO_WriteBit                            0x080044d9   Thumb Code    10  stm32f4xx_gpio.o(.text)
    GPIO_Write                               0x080044e3   Thumb Code     4  stm32f4xx_gpio.o(.text)
    GPIO_ToggleBits                          0x080044e7   Thumb Code     8  stm32f4xx_gpio.o(.text)
    GPIO_PinAFConfig                         0x080044ef   Thumb Code    70  stm32f4xx_gpio.o(.text)
    RCC_DeInit                               0x08004561   Thumb Code    82  stm32f4xx_rcc.o(.text)
    RCC_HSEConfig                            0x080045b3   Thumb Code    14  stm32f4xx_rcc.o(.text)
    RCC_GetFlagStatus                        0x080045c1   Thumb Code    60  stm32f4xx_rcc.o(.text)
    RCC_WaitForHSEStartUp                    0x080045fd   Thumb Code    56  stm32f4xx_rcc.o(.text)
    RCC_AdjustHSICalibrationValue            0x08004635   Thumb Code    20  stm32f4xx_rcc.o(.text)
    RCC_HSICmd                               0x08004649   Thumb Code     6  stm32f4xx_rcc.o(.text)
    RCC_LSEConfig                            0x0800464f   Thumb Code    46  stm32f4xx_rcc.o(.text)
    RCC_LSICmd                               0x0800467d   Thumb Code     6  stm32f4xx_rcc.o(.text)
    RCC_PLLConfig                            0x08004683   Thumb Code    32  stm32f4xx_rcc.o(.text)
    RCC_PLLCmd                               0x080046a3   Thumb Code     6  stm32f4xx_rcc.o(.text)
    RCC_PLLI2SConfig                         0x080046a9   Thumb Code    14  stm32f4xx_rcc.o(.text)
    RCC_PLLI2SCmd                            0x080046b7   Thumb Code     6  stm32f4xx_rcc.o(.text)
    RCC_PLLSAIConfig                         0x080046bd   Thumb Code    20  stm32f4xx_rcc.o(.text)
    RCC_PLLSAICmd                            0x080046d1   Thumb Code     6  stm32f4xx_rcc.o(.text)
    RCC_ClockSecuritySystemCmd               0x080046d7   Thumb Code     6  stm32f4xx_rcc.o(.text)
    RCC_MCO1Config                           0x080046dd   Thumb Code    28  stm32f4xx_rcc.o(.text)
    RCC_MCO2Config                           0x080046f9   Thumb Code    28  stm32f4xx_rcc.o(.text)
    RCC_SYSCLKConfig                         0x08004715   Thumb Code    20  stm32f4xx_rcc.o(.text)
    RCC_GetSYSCLKSource                      0x08004729   Thumb Code    12  stm32f4xx_rcc.o(.text)
    RCC_HCLKConfig                           0x08004735   Thumb Code    20  stm32f4xx_rcc.o(.text)
    RCC_PCLK1Config                          0x08004749   Thumb Code    20  stm32f4xx_rcc.o(.text)
    RCC_PCLK2Config                          0x0800475d   Thumb Code    22  stm32f4xx_rcc.o(.text)
    RCC_GetClocksFreq                        0x08004773   Thumb Code   222  stm32f4xx_rcc.o(.text)
    RCC_RTCCLKConfig                         0x08004851   Thumb Code    54  stm32f4xx_rcc.o(.text)
    RCC_RTCCLKCmd                            0x08004887   Thumb Code     8  stm32f4xx_rcc.o(.text)
    RCC_BackupResetCmd                       0x0800488f   Thumb Code     8  stm32f4xx_rcc.o(.text)
    RCC_I2SCLKConfig                         0x08004897   Thumb Code     6  stm32f4xx_rcc.o(.text)
    RCC_SAIPLLI2SClkDivConfig                0x0800489d   Thumb Code    26  stm32f4xx_rcc.o(.text)
    RCC_SAIPLLSAIClkDivConfig                0x080048b7   Thumb Code    28  stm32f4xx_rcc.o(.text)
    RCC_SAIBlockACLKConfig                   0x080048d3   Thumb Code    20  stm32f4xx_rcc.o(.text)
    RCC_SAIBlockBCLKConfig                   0x080048e7   Thumb Code    20  stm32f4xx_rcc.o(.text)
    RCC_LTDCCLKDivConfig                     0x080048fb   Thumb Code    20  stm32f4xx_rcc.o(.text)
    RCC_TIMCLKPresConfig                     0x0800490f   Thumb Code     6  stm32f4xx_rcc.o(.text)
    RCC_AHB1PeriphClockCmd                   0x08004915   Thumb Code    34  stm32f4xx_rcc.o(.text)
    RCC_AHB2PeriphClockCmd                   0x08004937   Thumb Code    78  stm32f4xx_rcc.o(.text)
    RCC_AHB3PeriphClockCmd                   0x08004985   Thumb Code    34  stm32f4xx_rcc.o(.text)
    RCC_APB1PeriphClockCmd                   0x080049a7   Thumb Code    34  stm32f4xx_rcc.o(.text)
    RCC_APB2PeriphClockCmd                   0x080049c9   Thumb Code    34  stm32f4xx_rcc.o(.text)
    RCC_AHB1PeriphResetCmd                   0x080049eb   Thumb Code    34  stm32f4xx_rcc.o(.text)
    RCC_AHB2PeriphResetCmd                   0x08004a0d   Thumb Code    34  stm32f4xx_rcc.o(.text)
    RCC_AHB3PeriphResetCmd                   0x08004a2f   Thumb Code    34  stm32f4xx_rcc.o(.text)
    RCC_APB1PeriphResetCmd                   0x08004a51   Thumb Code    34  stm32f4xx_rcc.o(.text)
    RCC_APB2PeriphResetCmd                   0x08004a73   Thumb Code    34  stm32f4xx_rcc.o(.text)
    RCC_AHB1PeriphClockLPModeCmd             0x08004a95   Thumb Code    34  stm32f4xx_rcc.o(.text)
    RCC_AHB2PeriphClockLPModeCmd             0x08004ab7   Thumb Code    34  stm32f4xx_rcc.o(.text)
    RCC_AHB3PeriphClockLPModeCmd             0x08004ad9   Thumb Code    34  stm32f4xx_rcc.o(.text)
    RCC_APB1PeriphClockLPModeCmd             0x08004afb   Thumb Code    34  stm32f4xx_rcc.o(.text)
    RCC_APB2PeriphClockLPModeCmd             0x08004b1d   Thumb Code    34  stm32f4xx_rcc.o(.text)
    RCC_LSEModeConfig                        0x08004b3f   Thumb Code    40  stm32f4xx_rcc.o(.text)
    RCC_ITConfig                             0x08004b67   Thumb Code    34  stm32f4xx_rcc.o(.text)
    RCC_ClearFlag                            0x08004b89   Thumb Code    18  stm32f4xx_rcc.o(.text)
    RCC_GetITStatus                          0x08004b9b   Thumb Code    22  stm32f4xx_rcc.o(.text)
    RCC_ClearITPendingBit                    0x08004bb1   Thumb Code     8  stm32f4xx_rcc.o(.text)
    USART_DeInit                             0x08004bbd   Thumb Code   206  stm32f4xx_usart.o(.text)
    USART_Init                               0x08004c8b   Thumb Code   204  stm32f4xx_usart.o(.text)
    USART_StructInit                         0x08004d57   Thumb Code    24  stm32f4xx_usart.o(.text)
    USART_ClockInit                          0x08004d6f   Thumb Code    32  stm32f4xx_usart.o(.text)
    USART_ClockStructInit                    0x08004d8f   Thumb Code    12  stm32f4xx_usart.o(.text)
    USART_Cmd                                0x08004d9b   Thumb Code    24  stm32f4xx_usart.o(.text)
    USART_SetPrescaler                       0x08004db3   Thumb Code    16  stm32f4xx_usart.o(.text)
    USART_OverSampling8Cmd                   0x08004dc3   Thumb Code    22  stm32f4xx_usart.o(.text)
    USART_OneBitMethodCmd                    0x08004dd9   Thumb Code    24  stm32f4xx_usart.o(.text)
    USART_SendData                           0x08004df1   Thumb Code     8  stm32f4xx_usart.o(.text)
    USART_ReceiveData                        0x08004df9   Thumb Code    10  stm32f4xx_usart.o(.text)
    USART_SetAddress                         0x08004e03   Thumb Code    18  stm32f4xx_usart.o(.text)
    USART_ReceiverWakeUpCmd                  0x08004e15   Thumb Code    24  stm32f4xx_usart.o(.text)
    USART_WakeUpConfig                       0x08004e2d   Thumb Code    18  stm32f4xx_usart.o(.text)
    USART_LINBreakDetectLengthConfig         0x08004e3f   Thumb Code    18  stm32f4xx_usart.o(.text)
    USART_LINCmd                             0x08004e51   Thumb Code    24  stm32f4xx_usart.o(.text)
    USART_SendBreak                          0x08004e69   Thumb Code    10  stm32f4xx_usart.o(.text)
    USART_HalfDuplexCmd                      0x08004e73   Thumb Code    24  stm32f4xx_usart.o(.text)
    USART_SetGuardTime                       0x08004e8b   Thumb Code    16  stm32f4xx_usart.o(.text)
    USART_SmartCardCmd                       0x08004e9b   Thumb Code    24  stm32f4xx_usart.o(.text)
    USART_SmartCardNACKCmd                   0x08004eb3   Thumb Code    24  stm32f4xx_usart.o(.text)
    USART_IrDAConfig                         0x08004ecb   Thumb Code    18  stm32f4xx_usart.o(.text)
    USART_IrDACmd                            0x08004edd   Thumb Code    24  stm32f4xx_usart.o(.text)
    USART_DMACmd                             0x08004ef5   Thumb Code    18  stm32f4xx_usart.o(.text)
    USART_ITConfig                           0x08004f07   Thumb Code    74  stm32f4xx_usart.o(.text)
    USART_GetFlagStatus                      0x08004f51   Thumb Code    26  stm32f4xx_usart.o(.text)
    USART_ClearFlag                          0x08004f6b   Thumb Code    18  stm32f4xx_usart.o(.text)
    USART_GetITStatus                        0x08004f7d   Thumb Code   118  stm32f4xx_usart.o(.text)
    USART_ClearITPendingBit                  0x08004ff3   Thumb Code    30  stm32f4xx_usart.o(.text)
    TIM_DeInit                               0x08005011   Thumb Code   346  stm32f4xx_tim.o(.text)
    TIM_TimeBaseInit                         0x0800516b   Thumb Code   104  stm32f4xx_tim.o(.text)
    TIM_TimeBaseStructInit                   0x080051d3   Thumb Code    18  stm32f4xx_tim.o(.text)
    TIM_PrescalerConfig                      0x080051e5   Thumb Code     6  stm32f4xx_tim.o(.text)
    TIM_CounterModeConfig                    0x080051eb   Thumb Code    18  stm32f4xx_tim.o(.text)
    TIM_SetCounter                           0x080051fd   Thumb Code     4  stm32f4xx_tim.o(.text)
    TIM_SetAutoreload                        0x08005201   Thumb Code     4  stm32f4xx_tim.o(.text)
    TIM_GetCounter                           0x08005205   Thumb Code     6  stm32f4xx_tim.o(.text)
    TIM_GetPrescaler                         0x0800520b   Thumb Code     6  stm32f4xx_tim.o(.text)
    TIM_UpdateDisableConfig                  0x08005211   Thumb Code    24  stm32f4xx_tim.o(.text)
    TIM_UpdateRequestConfig                  0x08005229   Thumb Code    24  stm32f4xx_tim.o(.text)
    TIM_ARRPreloadConfig                     0x08005241   Thumb Code    24  stm32f4xx_tim.o(.text)
    TIM_SelectOnePulseMode                   0x08005259   Thumb Code    18  stm32f4xx_tim.o(.text)
    TIM_SetClockDivision                     0x0800526b   Thumb Code    18  stm32f4xx_tim.o(.text)
    TIM_Cmd                                  0x0800527d   Thumb Code    24  stm32f4xx_tim.o(.text)
    TIM_OC1Init                              0x08005295   Thumb Code   114  stm32f4xx_tim.o(.text)
    TIM_OC2Init                              0x08005307   Thumb Code   154  stm32f4xx_tim.o(.text)
    TIM_OC3Init                              0x080053a1   Thumb Code   204  stm32f4xx_tim.o(.text)
    TIM_OC4Init                              0x0800546d   Thumb Code   112  stm32f4xx_tim.o(.text)
    TIM_OCStructInit                         0x080054dd   Thumb Code    20  stm32f4xx_tim.o(.text)
    TIM_SelectOCxM                           0x080054f1   Thumb Code    86  stm32f4xx_tim.o(.text)
    TIM_SetCompare1                          0x08005547   Thumb Code     4  stm32f4xx_tim.o(.text)
    TIM_SetCompare2                          0x0800554b   Thumb Code     4  stm32f4xx_tim.o(.text)
    TIM_SetCompare3                          0x0800554f   Thumb Code     4  stm32f4xx_tim.o(.text)
    TIM_SetCompare4                          0x08005553   Thumb Code     4  stm32f4xx_tim.o(.text)
    TIM_ForcedOC1Config                      0x08005557   Thumb Code    18  stm32f4xx_tim.o(.text)
    TIM_ForcedOC2Config                      0x08005569   Thumb Code    26  stm32f4xx_tim.o(.text)
    TIM_ForcedOC3Config                      0x08005583   Thumb Code    18  stm32f4xx_tim.o(.text)
    TIM_ForcedOC4Config                      0x08005595   Thumb Code    26  stm32f4xx_tim.o(.text)
    TIM_OC1PreloadConfig                     0x080055af   Thumb Code    18  stm32f4xx_tim.o(.text)
    TIM_OC2PreloadConfig                     0x080055c1   Thumb Code    26  stm32f4xx_tim.o(.text)
    TIM_OC3PreloadConfig                     0x080055db   Thumb Code    18  stm32f4xx_tim.o(.text)
    TIM_OC4PreloadConfig                     0x080055ed   Thumb Code    26  stm32f4xx_tim.o(.text)
    TIM_OC1FastConfig                        0x08005607   Thumb Code    18  stm32f4xx_tim.o(.text)
    TIM_OC2FastConfig                        0x08005619   Thumb Code    26  stm32f4xx_tim.o(.text)
    TIM_OC3FastConfig                        0x08005633   Thumb Code    18  stm32f4xx_tim.o(.text)
    TIM_OC4FastConfig                        0x08005645   Thumb Code    26  stm32f4xx_tim.o(.text)
    TIM_ClearOC1Ref                          0x0800565f   Thumb Code    18  stm32f4xx_tim.o(.text)
    TIM_ClearOC2Ref                          0x08005671   Thumb Code    24  stm32f4xx_tim.o(.text)
    TIM_ClearOC3Ref                          0x08005689   Thumb Code    18  stm32f4xx_tim.o(.text)
    TIM_ClearOC4Ref                          0x0800569b   Thumb Code    24  stm32f4xx_tim.o(.text)
    TIM_OC1PolarityConfig                    0x080056b3   Thumb Code    18  stm32f4xx_tim.o(.text)
    TIM_OC1NPolarityConfig                   0x080056c5   Thumb Code    18  stm32f4xx_tim.o(.text)
    TIM_OC2PolarityConfig                    0x080056d7   Thumb Code    26  stm32f4xx_tim.o(.text)
    TIM_OC2NPolarityConfig                   0x080056f1   Thumb Code    26  stm32f4xx_tim.o(.text)
    TIM_OC3PolarityConfig                    0x0800570b   Thumb Code    26  stm32f4xx_tim.o(.text)
    TIM_OC3NPolarityConfig                   0x08005725   Thumb Code    26  stm32f4xx_tim.o(.text)
    TIM_OC4PolarityConfig                    0x0800573f   Thumb Code    26  stm32f4xx_tim.o(.text)
    TIM_CCxCmd                               0x08005759   Thumb Code    30  stm32f4xx_tim.o(.text)
    TIM_CCxNCmd                              0x08005777   Thumb Code    30  stm32f4xx_tim.o(.text)
    TIM_SetIC4Prescaler                      0x08005795   Thumb Code    26  stm32f4xx_tim.o(.text)
    TIM_SetIC3Prescaler                      0x080057ff   Thumb Code    18  stm32f4xx_tim.o(.text)
    TIM_SetIC2Prescaler                      0x08005859   Thumb Code    26  stm32f4xx_tim.o(.text)
    TIM_SetIC1Prescaler                      0x080058cd   Thumb Code    18  stm32f4xx_tim.o(.text)
    TIM_ICInit                               0x08005919   Thumb Code   110  stm32f4xx_tim.o(.text)
    TIM_ICStructInit                         0x08005987   Thumb Code    18  stm32f4xx_tim.o(.text)
    TIM_PWMIConfig                           0x08005999   Thumb Code   124  stm32f4xx_tim.o(.text)
    TIM_GetCapture1                          0x08005a15   Thumb Code     6  stm32f4xx_tim.o(.text)
    TIM_GetCapture2                          0x08005a1b   Thumb Code     6  stm32f4xx_tim.o(.text)
    TIM_GetCapture3                          0x08005a21   Thumb Code     6  stm32f4xx_tim.o(.text)
    TIM_GetCapture4                          0x08005a27   Thumb Code     6  stm32f4xx_tim.o(.text)
    TIM_BDTRConfig                           0x08005a2d   Thumb Code    32  stm32f4xx_tim.o(.text)
    TIM_BDTRStructInit                       0x08005a4d   Thumb Code    18  stm32f4xx_tim.o(.text)
    TIM_CtrlPWMOutputs                       0x08005a5f   Thumb Code    30  stm32f4xx_tim.o(.text)
    TIM_SelectCOM                            0x08005a7d   Thumb Code    24  stm32f4xx_tim.o(.text)
    TIM_CCPreloadControl                     0x08005a95   Thumb Code    24  stm32f4xx_tim.o(.text)
    TIM_ITConfig                             0x08005aad   Thumb Code    18  stm32f4xx_tim.o(.text)
    TIM_GenerateEvent                        0x08005abf   Thumb Code     4  stm32f4xx_tim.o(.text)
    TIM_GetFlagStatus                        0x08005ac3   Thumb Code    18  stm32f4xx_tim.o(.text)
    TIM_ClearFlag                            0x08005ad5   Thumb Code     6  stm32f4xx_tim.o(.text)
    TIM_GetITStatus                          0x08005adb   Thumb Code    34  stm32f4xx_tim.o(.text)
    TIM_ClearITPendingBit                    0x08005afd   Thumb Code     6  stm32f4xx_tim.o(.text)
    TIM_DMAConfig                            0x08005b03   Thumb Code    10  stm32f4xx_tim.o(.text)
    TIM_DMACmd                               0x08005b0d   Thumb Code    18  stm32f4xx_tim.o(.text)
    TIM_SelectCCDMA                          0x08005b1f   Thumb Code    24  stm32f4xx_tim.o(.text)
    TIM_InternalClockConfig                  0x08005b37   Thumb Code    12  stm32f4xx_tim.o(.text)
    TIM_SelectInputTrigger                   0x08005b43   Thumb Code    18  stm32f4xx_tim.o(.text)
    TIM_ITRxExternalClockConfig              0x08005b55   Thumb Code    24  stm32f4xx_tim.o(.text)
    TIM_TIxExternalClockConfig               0x08005b6d   Thumb Code    62  stm32f4xx_tim.o(.text)
    TIM_ETRConfig                            0x08005bab   Thumb Code    28  stm32f4xx_tim.o(.text)
    TIM_ETRClockMode1Config                  0x08005bc7   Thumb Code    54  stm32f4xx_tim.o(.text)
    TIM_ETRClockMode2Config                  0x08005bfd   Thumb Code    32  stm32f4xx_tim.o(.text)
    TIM_SelectOutputTrigger                  0x08005c1d   Thumb Code    18  stm32f4xx_tim.o(.text)
    TIM_SelectSlaveMode                      0x08005c2f   Thumb Code    18  stm32f4xx_tim.o(.text)
    TIM_SelectMasterSlaveMode                0x08005c41   Thumb Code    18  stm32f4xx_tim.o(.text)
    TIM_EncoderInterfaceConfig               0x08005c53   Thumb Code    66  stm32f4xx_tim.o(.text)
    TIM_SelectHallSensor                     0x08005c95   Thumb Code    24  stm32f4xx_tim.o(.text)
    TIM_RemapConfig                          0x08005cad   Thumb Code     6  stm32f4xx_tim.o(.text)
    __use_no_semihosting                     0x08005cb3   Thumb Code     2  use_no_semi_2.o(.text)
    __aeabi_ldivmod                          0x08005cb5   Thumb Code     0  llsdiv.o(.text)
    _ll_sdiv                                 0x08005cb5   Thumb Code    72  llsdiv.o(.text)
    __2printf                                0x08005cfd   Thumb Code    20  noretval__2printf.o(.text)
    _printf_pre_padding                      0x08005d15   Thumb Code    44  _printf_pad.o(.text)
    _printf_post_padding                     0x08005d41   Thumb Code    34  _printf_pad.o(.text)
    _printf_int_dec                          0x08005d65   Thumb Code   100  _printf_dec.o(.text)
    _printf_int_hex                          0x08005dd9   Thumb Code    84  _printf_hex_int.o(.text)
    _printf_longlong_hex                     0x08005dd9   Thumb Code     0  _printf_hex_int.o(.text)
    __printf                                 0x08005e31   Thumb Code   308  __printf_flags_wp.o(.text)
    memcmp                                   0x08005f69   Thumb Code    88  memcmp.o(.text)
    __aeabi_memset                           0x08005fc1   Thumb Code    16  aeabi_memset.o(.text)
    __use_two_region_memory                  0x08005fd1   Thumb Code     2  heapauxi.o(.text)
    __rt_heap_escrow$2region                 0x08005fd3   Thumb Code     2  heapauxi.o(.text)
    __rt_heap_expand$2region                 0x08005fd5   Thumb Code     2  heapauxi.o(.text)
    __I$use$semihosting                      0x08005fd7   Thumb Code     0  use_no_semi.o(.text)
    __use_no_semihosting_swi                 0x08005fd7   Thumb Code     2  use_no_semi.o(.text)
    __aeabi_uldivmod                         0x08005fd9   Thumb Code     0  lludivv7m.o(.text)
    _ll_udiv                                 0x08005fd9   Thumb Code   238  lludivv7m.o(.text)
    __read_errno                             0x080060c7   Thumb Code    10  _rserrno.o(.text)
    __set_errno                              0x080060d1   Thumb Code    12  _rserrno.o(.text)
    _printf_int_common                       0x080060dd   Thumb Code   178  _printf_intcommon.o(.text)
    _printf_char_file                        0x08006191   Thumb Code    32  _printf_char_file.o(.text)
    __aeabi_memclr                           0x080061b5   Thumb Code     0  rt_memclr.o(.text)
    __rt_memclr                              0x080061b5   Thumb Code    68  rt_memclr.o(.text)
    _memset                                  0x080061b9   Thumb Code     0  rt_memclr.o(.text)
    __aeabi_errno_addr                       0x080061f9   Thumb Code     8  rt_errno_addr_intlibspace.o(.text)
    __errno$intlibspace                      0x080061f9   Thumb Code     0  rt_errno_addr_intlibspace.o(.text)
    __rt_errno_addr$intlibspace              0x080061f9   Thumb Code     0  rt_errno_addr_intlibspace.o(.text)
    _printf_char_common                      0x0800620b   Thumb Code    32  _printf_char_common.o(.text)
    ferror                                   0x08006231   Thumb Code     8  ferror.o(.text)
    __aeabi_memclr4                          0x08006239   Thumb Code     0  rt_memclr_w.o(.text)
    __aeabi_memclr8                          0x08006239   Thumb Code     0  rt_memclr_w.o(.text)
    __rt_memclr_w                            0x08006239   Thumb Code    78  rt_memclr_w.o(.text)
    _memset_w                                0x0800623d   Thumb Code     0  rt_memclr_w.o(.text)
    __user_libspace                          0x08006289   Thumb Code     8  libspace.o(.text)
    __user_perproc_libspace                  0x08006289   Thumb Code     0  libspace.o(.text)
    __user_perthread_libspace                0x08006289   Thumb Code     0  libspace.o(.text)
    __user_setup_stackheap                   0x08006291   Thumb Code    74  sys_stackheap_outer.o(.text)
    exit                                     0x080062db   Thumb Code    12  exit.o(.text)
    __ARM_fpclassify                         0x080062e7   Thumb Code    48  fpclassify.o(i.__ARM_fpclassify)
    __hardfp_asin                            0x08006319   Thumb Code   770  asin.o(i.__hardfp_asin)
    __hardfp_atan                            0x08006689   Thumb Code   632  atan.o(i.__hardfp_atan)
    __hardfp_atan2                           0x08006969   Thumb Code   426  atan2.o(i.__hardfp_atan2)
    __kernel_poly                            0x08006b59   Thumb Code   248  poly.o(i.__kernel_poly)
    __mathlib_dbl_underflow                  0x08006c51   Thumb Code    24  dunder.o(i.__mathlib_dbl_underflow)
    _is_digit                                0x08006c71   Thumb Code    14  __printf_wp.o(i._is_digit)
    atan                                     0x08006c7f   Thumb Code    16  atan.o(i.atan)
    fabs                                     0x08006c8f   Thumb Code    24  fabs.o(i.fabs)
    sqrt                                     0x08006ca7   Thumb Code   110  sqrt.o(i.sqrt)
    __aeabi_dneg                             0x08006d15   Thumb Code     0  basic.o(x$fpl$basic)
    _dneg                                    0x08006d15   Thumb Code     6  basic.o(x$fpl$basic)
    __aeabi_fneg                             0x08006d1b   Thumb Code     0  basic.o(x$fpl$basic)
    _fneg                                    0x08006d1b   Thumb Code     6  basic.o(x$fpl$basic)
    _dabs                                    0x08006d21   Thumb Code     6  basic.o(x$fpl$basic)
    _fabs                                    0x08006d27   Thumb Code     6  basic.o(x$fpl$basic)
    __aeabi_d2f                              0x08006d2d   Thumb Code     0  d2f.o(x$fpl$d2f)
    _d2f                                     0x08006d2d   Thumb Code    98  d2f.o(x$fpl$d2f)
    __aeabi_dadd                             0x08006d91   Thumb Code     0  daddsub_clz.o(x$fpl$dadd)
    _dadd                                    0x08006d91   Thumb Code   332  daddsub_clz.o(x$fpl$dadd)
    __aeabi_ddiv                             0x08006ee1   Thumb Code     0  ddiv.o(x$fpl$ddiv)
    _ddiv                                    0x08006ee1   Thumb Code   552  ddiv.o(x$fpl$ddiv)
    __aeabi_i2d                              0x08007191   Thumb Code     0  dflt_clz.o(x$fpl$dflt)
    _dflt                                    0x08007191   Thumb Code    46  dflt_clz.o(x$fpl$dflt)
    __aeabi_dmul                             0x080071c1   Thumb Code     0  dmul.o(x$fpl$dmul)
    _dmul                                    0x080071c1   Thumb Code   332  dmul.o(x$fpl$dmul)
    __fpl_dnaninf                            0x08007315   Thumb Code   156  dnaninf.o(x$fpl$dnaninf)
    __fpl_dretinf                            0x080073b1   Thumb Code    12  dretinf.o(x$fpl$dretinf)
    __aeabi_drsub                            0x080073bd   Thumb Code     0  daddsub_clz.o(x$fpl$drsb)
    _drsb                                    0x080073bd   Thumb Code    22  daddsub_clz.o(x$fpl$drsb)
    _dsqrt                                   0x080073d5   Thumb Code   404  dsqrt_umaal.o(x$fpl$dsqrt)
    __aeabi_dsub                             0x0800756d   Thumb Code     0  daddsub_clz.o(x$fpl$dsub)
    _dsub                                    0x0800756d   Thumb Code   464  daddsub_clz.o(x$fpl$dsub)
    __aeabi_f2d                              0x08007741   Thumb Code     0  f2d.o(x$fpl$f2d)
    _f2d                                     0x08007741   Thumb Code    86  f2d.o(x$fpl$f2d)
    __fpl_fnaninf                            0x08007797   Thumb Code   140  fnaninf.o(x$fpl$fnaninf)
    _fp_init                                 0x08007823   Thumb Code    10  fpinit.o(x$fpl$fpinit)
    __fplib_config_fpu_vfp                   0x0800782b   Thumb Code     0  fpinit.o(x$fpl$fpinit)
    __fplib_config_pureend_doubles           0x0800782b   Thumb Code     0  fpinit.o(x$fpl$fpinit)
    __fpl_fretinf                            0x0800782d   Thumb Code    10  fretinf.o(x$fpl$fretinf)
    __I$use$fp                               0x08007836   Number         0  usenofp.o(x$fpl$usenofp)
    reg                                      0x08007838   Data          27  inv_mpu.o(.constdata)
    hw                                       0x08007854   Data          12  inv_mpu.o(.constdata)
    test                                     0x08007860   Data          40  inv_mpu.o(.constdata)
    __mathlib_zero                           0x080085a0   Data           8  qnan.o(.constdata)
    Region$$Table$$Base                      0x080085f8   Number         0  anon$$obj.o(Region$$Table)
    Region$$Table$$Limit                     0x08008618   Number         0  anon$$obj.o(Region$$Table)
    SystemCoreClock                          0x20000000   Data           4  system_stm32f4xx.o(.data)
    AHBPrescTable                            0x20000004   Data          16  system_stm32f4xx.o(.data)
    g_u8MainEventCount                       0x20000014   Data           1  contro.o(.data)
    g_fSpeedControlOut                       0x20000018   Data           4  contro.o(.data)
    g_fSpeedControlOutOld                    0x2000001c   Data           4  contro.o(.data)
    g_fSpeedControlOutNew                    0x20000020   Data           4  contro.o(.data)
    g_fAngleControlOut                       0x20000024   Data           4  contro.o(.data)
    g_fLeftMotorOut                          0x20000028   Data           4  contro.o(.data)
    g_fRightMotorOut                         0x2000002c   Data           4  contro.o(.data)
    g_fCarAngle                              0x20000030   Data           4  contro.o(.data)
    g_s16LeftMotorPulse                      0x20000034   Data           2  contro.o(.data)
    g_s16RightMotorPulse                     0x20000036   Data           2  contro.o(.data)
    g_s32LeftMotorPulseOld                   0x20000038   Data           4  contro.o(.data)
    g_s32RightMotorPulseOld                  0x2000003c   Data           4  contro.o(.data)
    g_s32LeftMotorPulseSigma                 0x20000040   Data           4  contro.o(.data)
    g_s32RightMotorPulseSigma                0x20000044   Data           4  contro.o(.data)
    g_fCarSpeed                              0x20000048   Data           4  contro.o(.data)
    g_iCarSpeedSet                           0x2000004c   Data           4  contro.o(.data)
    g_fCarSpeedOld                           0x20000050   Data           4  contro.o(.data)
    g_fCarPosition                           0x20000054   Data           4  contro.o(.data)
    __stdout                                 0x20000094   Data           4  usart.o(.data)
    USART_RX_STA                             0x20000098   Data           2  usart.o(.data)
    USART_RX_BUF                             0x200000bc   Data         200  usart.o(.bss)
    __libspace_start                         0x20000184   Data          96  libspace.o(.bss)
    __temporary_stack_top$libspace           0x200001e4   Data           0  libspace.o(.bss)



==============================================================================

Memory Map of the image

  Image Entry point : 0x08000189

  Load Region LR_IROM1 (Base: 0x08000000, Size: 0x000086c4, Max: 0x00080000, ABSOLUTE)

    Execution Region ER_IROM1 (Base: 0x08000000, Size: 0x00008618, Max: 0x00080000, ABSOLUTE)

    Base Addr    Size         Type   Attr      Idx    E Section Name        Object

    0x08000000   0x00000188   Data   RO          500    RESET               startup_stm32f40_41xxx.o
    0x08000188   0x00000008   Code   RO          693  * !!!main             c_w.l(__main.o)
    0x08000190   0x00000034   Code   RO          985    !!!scatter          c_w.l(__scatter.o)
    0x080001c4   0x0000001a   Code   RO          987    !!handler_copy      c_w.l(__scatter_copy.o)
    0x080001de   0x00000002   PAD
    0x080001e0   0x0000001c   Code   RO          989    !!handler_zi        c_w.l(__scatter_zi.o)
    0x080001fc   0x00000000   Code   RO          686    .ARM.Collect$$_printf_percent$$00000000  c_w.l(_printf_percent.o)
    0x080001fc   0x00000006   Code   RO          685    .ARM.Collect$$_printf_percent$$00000009  c_w.l(_printf_d.o)
    0x08000202   0x00000006   Code   RO          684    .ARM.Collect$$_printf_percent$$0000000C  c_w.l(_printf_x.o)
    0x08000208   0x00000004   Code   RO          754    .ARM.Collect$$_printf_percent$$00000017  c_w.l(_printf_percent_end.o)
    0x0800020c   0x00000002   Code   RO          859    .ARM.Collect$$libinit$$00000000  c_w.l(libinit.o)
    0x0800020e   0x00000004   Code   RO          868    .ARM.Collect$$libinit$$00000001  c_w.l(libinit2.o)
    0x08000212   0x00000000   Code   RO          872    .ARM.Collect$$libinit$$00000008  c_w.l(libinit2.o)
    0x08000212   0x00000000   Code   RO          874    .ARM.Collect$$libinit$$0000000A  c_w.l(libinit2.o)
    0x08000212   0x00000000   Code   RO          876    .ARM.Collect$$libinit$$0000000C  c_w.l(libinit2.o)
    0x08000212   0x00000000   Code   RO          879    .ARM.Collect$$libinit$$0000000F  c_w.l(libinit2.o)
    0x08000212   0x00000000   Code   RO          881    .ARM.Collect$$libinit$$00000011  c_w.l(libinit2.o)
    0x08000212   0x00000000   Code   RO          883    .ARM.Collect$$libinit$$00000013  c_w.l(libinit2.o)
    0x08000212   0x00000000   Code   RO          885    .ARM.Collect$$libinit$$00000015  c_w.l(libinit2.o)
    0x08000212   0x00000000   Code   RO          887    .ARM.Collect$$libinit$$00000017  c_w.l(libinit2.o)
    0x08000212   0x00000000   Code   RO          889    .ARM.Collect$$libinit$$00000019  c_w.l(libinit2.o)
    0x08000212   0x00000000   Code   RO          891    .ARM.Collect$$libinit$$0000001B  c_w.l(libinit2.o)
    0x08000212   0x00000000   Code   RO          893    .ARM.Collect$$libinit$$0000001D  c_w.l(libinit2.o)
    0x08000212   0x00000000   Code   RO          895    .ARM.Collect$$libinit$$0000001F  c_w.l(libinit2.o)
    0x08000212   0x00000000   Code   RO          897    .ARM.Collect$$libinit$$00000021  c_w.l(libinit2.o)
    0x08000212   0x00000000   Code   RO          899    .ARM.Collect$$libinit$$00000023  c_w.l(libinit2.o)
    0x08000212   0x00000000   Code   RO          903    .ARM.Collect$$libinit$$0000002A  c_w.l(libinit2.o)
    0x08000212   0x00000000   Code   RO          905    .ARM.Collect$$libinit$$0000002C  c_w.l(libinit2.o)
    0x08000212   0x00000000   Code   RO          907    .ARM.Collect$$libinit$$0000002E  c_w.l(libinit2.o)
    0x08000212   0x00000000   Code   RO          909    .ARM.Collect$$libinit$$00000030  c_w.l(libinit2.o)
    0x08000212   0x00000002   Code   RO          910    .ARM.Collect$$libinit$$00000031  c_w.l(libinit2.o)
    0x08000214   0x00000002   Code   RO          938    .ARM.Collect$$libshutdown$$00000000  c_w.l(libshutdown.o)
    0x08000216   0x00000000   Code   RO          953    .ARM.Collect$$libshutdown$$00000003  c_w.l(libshutdown2.o)
    0x08000216   0x00000000   Code   RO          956    .ARM.Collect$$libshutdown$$00000006  c_w.l(libshutdown2.o)
    0x08000216   0x00000000   Code   RO          959    .ARM.Collect$$libshutdown$$00000009  c_w.l(libshutdown2.o)
    0x08000216   0x00000000   Code   RO          961    .ARM.Collect$$libshutdown$$0000000B  c_w.l(libshutdown2.o)
    0x08000216   0x00000000   Code   RO          964    .ARM.Collect$$libshutdown$$0000000E  c_w.l(libshutdown2.o)
    0x08000216   0x00000002   Code   RO          965    .ARM.Collect$$libshutdown$$0000000F  c_w.l(libshutdown2.o)
    0x08000218   0x00000000   Code   RO          745    .ARM.Collect$$rtentry$$00000000  c_w.l(rtentry.o)
    0x08000218   0x00000000   Code   RO          808    .ARM.Collect$$rtentry$$00000002  c_w.l(rtentry2.o)
    0x08000218   0x00000006   Code   RO          820    .ARM.Collect$$rtentry$$00000004  c_w.l(rtentry4.o)
    0x0800021e   0x00000000   Code   RO          810    .ARM.Collect$$rtentry$$00000009  c_w.l(rtentry2.o)
    0x0800021e   0x00000004   Code   RO          811    .ARM.Collect$$rtentry$$0000000A  c_w.l(rtentry2.o)
    0x08000222   0x00000000   Code   RO          813    .ARM.Collect$$rtentry$$0000000C  c_w.l(rtentry2.o)
    0x08000222   0x00000008   Code   RO          814    .ARM.Collect$$rtentry$$0000000D  c_w.l(rtentry2.o)
    0x0800022a   0x00000002   Code   RO          862    .ARM.Collect$$rtexit$$00000000  c_w.l(rtexit.o)
    0x0800022c   0x00000000   Code   RO          912    .ARM.Collect$$rtexit$$00000002  c_w.l(rtexit2.o)
    0x0800022c   0x00000004   Code   RO          913    .ARM.Collect$$rtexit$$00000003  c_w.l(rtexit2.o)
    0x08000230   0x00000006   Code   RO          914    .ARM.Collect$$rtexit$$00000004  c_w.l(rtexit2.o)
    0x08000236   0x00000002   PAD
    0x08000238   0x00000088   Code   RO            3    .text               main.o
    0x080002c0   0x0000003c   Code   RO          167    .text               stm32f4xx_it.o
    0x080002fc   0x00000210   Code   RO          216    .text               system_stm32f4xx.o
    0x0800050c   0x00000060   Code   RO          242    .text               contro.o
    0x0800056c   0x000022c0   Code   RO          268    .text               inv_mpu.o
    0x0800282c   0x00000d90   Code   RO          306    .text               inv_mpu_dmp_motion_driver.o
    0x080035bc   0x0000025c   Code   RO          339    .text               myiic.o
    0x08003818   0x000002b0   Code   RO          359    .text               motor.o
    0x08003ac8   0x00000384   Code   RO          385    .text               mpu6050.o
    0x08003e4c   0x00000104   Code   RO          405    .text               delay.o
    0x08003f50   0x000001e0   Code   RO          445    .text               usart.o
    0x08004130   0x0000007c   Code   RO          476    .text               systick.o
    0x080041ac   0x00000040   Code   RO          501    .text               startup_stm32f40_41xxx.o
    0x080041ec   0x000000e0   Code   RO          507    .text               misc.o
    0x080042cc   0x00000294   Code   RO          527    .text               stm32f4xx_gpio.o
    0x08004560   0x0000065c   Code   RO          547    .text               stm32f4xx_rcc.o
    0x08004bbc   0x00000454   Code   RO          589    .text               stm32f4xx_usart.o
    0x08005010   0x00000ca2   Code   RO          609    .text               stm32f4xx_tim.o
    0x08005cb2   0x00000002   Code   RO          629    .text               c_w.l(use_no_semi_2.o)
    0x08005cb4   0x00000048   Code   RO          631    .text               c_w.l(llsdiv.o)
    0x08005cfc   0x00000018   Code   RO          635    .text               c_w.l(noretval__2printf.o)
    0x08005d14   0x0000004e   Code   RO          639    .text               c_w.l(_printf_pad.o)
    0x08005d62   0x00000002   PAD
    0x08005d64   0x00000074   Code   RO          641    .text               c_w.l(_printf_dec.o)
    0x08005dd8   0x00000058   Code   RO          646    .text               c_w.l(_printf_hex_int.o)
    0x08005e30   0x00000138   Code   RO          676    .text               c_w.l(__printf_flags_wp.o)
    0x08005f68   0x00000058   Code   RO          687    .text               c_w.l(memcmp.o)
    0x08005fc0   0x00000010   Code   RO          689    .text               c_w.l(aeabi_memset.o)
    0x08005fd0   0x00000006   Code   RO          691    .text               c_w.l(heapauxi.o)
    0x08005fd6   0x00000002   Code   RO          743    .text               c_w.l(use_no_semi.o)
    0x08005fd8   0x000000ee   Code   RO          746    .text               c_w.l(lludivv7m.o)
    0x080060c6   0x00000016   Code   RO          748    .text               c_w.l(_rserrno.o)
    0x080060dc   0x000000b2   Code   RO          750    .text               c_w.l(_printf_intcommon.o)
    0x0800618e   0x00000002   PAD
    0x08006190   0x00000024   Code   RO          752    .text               c_w.l(_printf_char_file.o)
    0x080061b4   0x00000044   Code   RO          755    .text               c_w.l(rt_memclr.o)
    0x080061f8   0x00000008   Code   RO          829    .text               c_w.l(rt_errno_addr_intlibspace.o)
    0x08006200   0x00000030   Code   RO          831    .text               c_w.l(_printf_char_common.o)
    0x08006230   0x00000008   Code   RO          833    .text               c_w.l(ferror.o)
    0x08006238   0x0000004e   Code   RO          837    .text               c_w.l(rt_memclr_w.o)
    0x08006286   0x00000002   PAD
    0x08006288   0x00000008   Code   RO          843    .text               c_w.l(libspace.o)
    0x08006290   0x0000004a   Code   RO          846    .text               c_w.l(sys_stackheap_outer.o)
    0x080062da   0x0000000c   Code   RO          852    .text               c_w.l(exit.o)
    0x080062e6   0x00000030   Code   RO          790    i.__ARM_fpclassify  m_wm.l(fpclassify.o)
    0x08006316   0x00000002   PAD
    0x08006318   0x00000370   Code   RO          717    i.__hardfp_asin     m_wm.l(asin.o)
    0x08006688   0x000002e0   Code   RO          768    i.__hardfp_atan     m_wm.l(atan.o)
    0x08006968   0x000001f0   Code   RO          731    i.__hardfp_atan2    m_wm.l(atan2.o)
    0x08006b58   0x000000f8   Code   RO          792    i.__kernel_poly     m_wm.l(poly.o)
    0x08006c50   0x00000020   Code   RO          782    i.__mathlib_dbl_underflow  m_wm.l(dunder.o)
    0x08006c70   0x0000000e   Code   RO          674    i._is_digit         c_w.l(__printf_wp.o)
    0x08006c7e   0x00000010   Code   RO          770    i.atan              m_wm.l(atan.o)
    0x08006c8e   0x00000018   Code   RO          786    i.fabs              m_wm.l(fabs.o)
    0x08006ca6   0x0000006e   Code   RO          797    i.sqrt              m_wm.l(sqrt.o)
    0x08006d14   0x00000018   Code   RO          757    x$fpl$basic         fz_wm.l(basic.o)
    0x08006d2c   0x00000062   Code   RO          695    x$fpl$d2f           fz_wm.l(d2f.o)
    0x08006d8e   0x00000002   PAD
    0x08006d90   0x00000150   Code   RO          697    x$fpl$dadd          fz_wm.l(daddsub_clz.o)
    0x08006ee0   0x000002b0   Code   RO          704    x$fpl$ddiv          fz_wm.l(ddiv.o)
    0x08007190   0x0000002e   Code   RO          708    x$fpl$dflt          fz_wm.l(dflt_clz.o)
    0x080071be   0x00000002   PAD
    0x080071c0   0x00000154   Code   RO          713    x$fpl$dmul          fz_wm.l(dmul.o)
    0x08007314   0x0000009c   Code   RO          759    x$fpl$dnaninf       fz_wm.l(dnaninf.o)
    0x080073b0   0x0000000c   Code   RO          761    x$fpl$dretinf       fz_wm.l(dretinf.o)
    0x080073bc   0x00000016   Code   RO          698    x$fpl$drsb          fz_wm.l(daddsub_clz.o)
    0x080073d2   0x00000002   PAD
    0x080073d4   0x00000198   Code   RO          841    x$fpl$dsqrt         fz_wm.l(dsqrt_umaal.o)
    0x0800756c   0x000001d4   Code   RO          699    x$fpl$dsub          fz_wm.l(daddsub_clz.o)
    0x08007740   0x00000056   Code   RO          715    x$fpl$f2d           fz_wm.l(f2d.o)
    0x08007796   0x0000008c   Code   RO          763    x$fpl$fnaninf       fz_wm.l(fnaninf.o)
    0x08007822   0x0000000a   Code   RO          926    x$fpl$fpinit        fz_wm.l(fpinit.o)
    0x0800782c   0x0000000a   Code   RO          765    x$fpl$fretinf       fz_wm.l(fretinf.o)
    0x08007836   0x00000000   Code   RO          767    x$fpl$usenofp       fz_wm.l(usenofp.o)
    0x08007836   0x00000002   PAD
    0x08007838   0x00000050   Data   RO          269    .constdata          inv_mpu.o
    0x08007888   0x00000bf6   Data   RO          308    .constdata          inv_mpu_dmp_motion_driver.o
    0x0800847e   0x00000028   Data   RO          647    .constdata          c_w.l(_printf_hex_int.o)
    0x080084a6   0x00000011   Data   RO          677    .constdata          c_w.l(__printf_flags_wp.o)
    0x080084b7   0x00000001   PAD
    0x080084b8   0x00000050   Data   RO          720    .constdata          m_wm.l(asin.o)
    0x08008508   0x00000098   Data   RO          771    .constdata          m_wm.l(atan.o)
    0x080085a0   0x00000008   Data   RO          794    .constdata          m_wm.l(qnan.o)
    0x080085a8   0x0000004d   Data   RO          270    .conststring        inv_mpu.o
    0x080085f5   0x00000003   PAD
    0x080085f8   0x00000020   Data   RO          983    Region$$Table       anon$$obj.o


    Execution Region RW_IRAM1 (Base: 0x20000000, Size: 0x000007e8, Max: 0x00020000, ABSOLUTE)

    Base Addr    Size         Type   Attr      Idx    E Section Name        Object

    0x20000000   0x00000014   Data   RW          217    .data               system_stm32f4xx.o
    0x20000014   0x00000044   Data   RW          243    .data               contro.o
    0x20000058   0x00000035   Data   RW          271    .data               inv_mpu.o
    0x2000008d   0x00000001   PAD
    0x2000008e   0x00000004   Data   RW          406    .data               delay.o
    0x20000092   0x00000002   PAD
    0x20000094   0x00000006   Data   RW          447    .data               usart.o
    0x2000009a   0x00000010   Data   RW          548    .data               stm32f4xx_rcc.o
    0x200000aa   0x00000002   PAD
    0x200000ac   0x00000010   Zero   RW          307    .bss                inv_mpu_dmp_motion_driver.o
    0x200000bc   0x000000c8   Zero   RW          446    .bss                usart.o
    0x20000184   0x00000060   Zero   RW          844    .bss                c_w.l(libspace.o)
    0x200001e4   0x00000004   PAD
    0x200001e8   0x00000200   Zero   RW          499    HEAP                startup_stm32f40_41xxx.o
    0x200003e8   0x00000400   Zero   RW          498    STACK               startup_stm32f40_41xxx.o


==============================================================================

Image component sizes


      Code (inc. data)   RO Data    RW Data    ZI Data      Debug   Object Name

        96         20          0         68          0       1592   contro.o
       260          8          0          4          0       1401   delay.o
      8896        222        157         53          0      23737   inv_mpu.o
      3472        142       3062          0         16      15115   inv_mpu_dmp_motion_driver.o
       136         28          0          0          0     281851   main.o
       224         20          0          0          0       1785   misc.o
       688         16          0          0          0       1757   motor.o
       900         22          0          0          0       4219   mpu6050.o
       604         14          0          0          0       1880   myiic.o
        64         26        392          0       1536        820   startup_stm32f40_41xxx.o
       660         44          0          0          0       4061   stm32f4xx_gpio.o
        60          6          0          0          0       1350   stm32f4xx_it.o
      1628         52          0         16          0      12832   stm32f4xx_rcc.o
      3234         60          0          0          0      22264   stm32f4xx_tim.o
      1108         34          0          0          0       7760   stm32f4xx_usart.o
       528         46          0         20          0       1727   system_stm32f4xx.o
       124         14          0          0          0      27142   systick.o
       480         20          0          6        200       3334   usart.o

    ----------------------------------------------------------------------
     23162        794       3646        172       1752     414627   Object Totals
         0          0         32          0          0          0   (incl. Generated)
         0          0          3          5          0          0   (incl. Padding)

    ----------------------------------------------------------------------

      Code (inc. data)   RO Data    RW Data    ZI Data      Debug   Library Member Name

         8          0          0          0          0         68   __main.o
       312          4         17          0          0         92   __printf_flags_wp.o
        14          0          0          0          0         68   __printf_wp.o
        52          8          0          0          0          0   __scatter.o
        26          0          0          0          0          0   __scatter_copy.o
        28          0          0          0          0          0   __scatter_zi.o
        48          6          0          0          0         96   _printf_char_common.o
        36          4          0          0          0         80   _printf_char_file.o
         6          0          0          0          0          0   _printf_d.o
       116         16          0          0          0         92   _printf_dec.o
        88          4         40          0          0         88   _printf_hex_int.o
       178          0          0          0          0         88   _printf_intcommon.o
        78          0          0          0          0        108   _printf_pad.o
         0          0          0          0          0          0   _printf_percent.o
         4          0          0          0          0          0   _printf_percent_end.o
         6          0          0          0          0          0   _printf_x.o
        22          0          0          0          0        100   _rserrno.o
        16          0          0          0          0         68   aeabi_memset.o
        12          0          0          0          0         72   exit.o
         8          0          0          0          0         68   ferror.o
         6          0          0          0          0        152   heapauxi.o
         2          0          0          0          0          0   libinit.o
         6          0          0          0          0          0   libinit2.o
         2          0          0          0          0          0   libshutdown.o
         2          0          0          0          0          0   libshutdown2.o
         8          4          0          0         96         68   libspace.o
        72          0          0          0          0         76   llsdiv.o
       238          0          0          0          0        100   lludivv7m.o
        88          0          0          0          0         76   memcmp.o
        24          4          0          0          0         84   noretval__2printf.o
         8          4          0          0          0         68   rt_errno_addr_intlibspace.o
        68          0          0          0          0         68   rt_memclr.o
        78          0          0          0          0         80   rt_memclr_w.o
         0          0          0          0          0          0   rtentry.o
        12          0          0          0          0          0   rtentry2.o
         6          0          0          0          0          0   rtentry4.o
         2          0          0          0          0          0   rtexit.o
        10          0          0          0          0          0   rtexit2.o
        74          0          0          0          0         80   sys_stackheap_outer.o
         2          0          0          0          0         68   use_no_semi.o
         2          0          0          0          0         68   use_no_semi_2.o
        24          0          0          0          0        164   basic.o
        98          4          0          0          0        140   d2f.o
       826         16          0          0          0        492   daddsub_clz.o
       688        140          0          0          0        256   ddiv.o
        46          0          0          0          0        116   dflt_clz.o
       340         12          0          0          0        152   dmul.o
       156          4          0          0          0        140   dnaninf.o
        12          0          0          0          0        116   dretinf.o
       408         56          0          0          0        168   dsqrt_umaal.o
        86          4          0          0          0        132   f2d.o
       140          4          0          0          0        132   fnaninf.o
        10          0          0          0          0        116   fpinit.o
        10          0          0          0          0        116   fretinf.o
         0          0          0          0          0          0   usenofp.o
       880        110         80          0          0        200   asin.o
       752        104        152          0          0        344   atan.o
       496         70          0          0          0        156   atan2.o
        32          8          0          0          0        124   dunder.o
        24          0          0          0          0        124   fabs.o
        48          0          0          0          0        124   fpclassify.o
       248          0          0          0          0        152   poly.o
         0          0          8          0          0          0   qnan.o
       110          0          0          0          0        148   sqrt.o

    ----------------------------------------------------------------------
      7222        586        298          0        100       5688   Library Totals
        20          0          1          0          4          0   (incl. Padding)

    ----------------------------------------------------------------------

      Code (inc. data)   RO Data    RW Data    ZI Data      Debug   Library Name

      1768         54         57          0         96       2076   c_w.l
      2844        240          0          0          0       2240   fz_wm.l
      2590        292        240          0          0       1372   m_wm.l

    ----------------------------------------------------------------------
      7222        586        298          0        100       5688   Library Totals

    ----------------------------------------------------------------------

==============================================================================


      Code (inc. data)   RO Data    RW Data    ZI Data      Debug   

     30384       1380       3944        172       1852     413523   Grand Totals
     30384       1380       3944        172       1852     413523   ELF Image Totals
     30384       1380       3944        172          0          0   ROM Totals

==============================================================================

    Total RO  Size (Code + RO Data)                34328 (  33.52kB)
    Total RW  Size (RW Data + ZI Data)              2024 (   1.98kB)
    Total ROM Size (Code + RO Data + RW Data)      34500 (  33.69kB)

==============================================================================

